AR icon spartan3e "//excelsior/uk$/kousley/Spring 2016/fpgas/Homework 5/FPGAs_Homework-master/FPGAs_Homework-master/Homework_5/Homework_5_campus/Homework_5_campus/ipcore_dir/tmp/_cg/_bbx/icon.vhd" sub00/vhpl01 1457545545
EN icon NULL "//excelsior/uk$/kousley/Spring 2016/fpgas/Homework 5/FPGAs_Homework-master/FPGAs_Homework-master/Homework_5/Homework_5_campus/Homework_5_campus/ipcore_dir/tmp/_cg/_bbx/icon.vhd" sub00/vhpl00 1457545544
AR ila spartan3e "//excelsior/uk$/kousley/Spring 2016/fpgas/Homework 5/FPGAs_Homework-master/FPGAs_Homework-master/Homework_5/Homework_5_campus/Homework_5_campus/ipcore_dir/tmp/_cg/_bbx/ila.vhd" sub00/vhpl03 1457546175
EN ila NULL "//excelsior/uk$/kousley/Spring 2016/fpgas/Homework 5/FPGAs_Homework-master/FPGAs_Homework-master/Homework_5/Homework_5_campus/Homework_5_campus/ipcore_dir/tmp/_cg/_bbx/ila.vhd" sub00/vhpl02 1457546174
