AR ila_trigcond virtex "//excelsior/uk$/kousley/Spring 2016/fpgas/Homework 5/FPGAs_Homework-master/FPGAs_Homework-master/Homework_5/Homework_5_campus/Homework_5_campus/ipcore_dir/tmp/_cg/_bbx/chipscope_ila_v1_05_a/ila_trigcond.vhd" sub00/vhpl53 1457546155
AR ila_trigcond_lut virtex "//excelsior/uk$/kousley/Spring 2016/fpgas/Homework 5/FPGAs_Homework-master/FPGAs_Homework-master/Homework_5/Homework_5_campus/Homework_5_campus/ipcore_dir/tmp/_cg/_bbx/chipscope_ila_v1_05_a/ila_trigcond_lut.vhd" sub00/vhpl27 1457546129
AR ila_trigseq_simple virtex "//excelsior/uk$/kousley/Spring 2016/fpgas/Homework 5/FPGAs_Homework-master/FPGAs_Homework-master/Homework_5/Homework_5_campus/Homework_5_campus/ipcore_dir/tmp/_cg/_bbx/chipscope_ila_v1_05_a/ila_trigseq_simple.vhd" sub00/vhpl39 1457546141
EN ila_trigseq_complex NULL "//excelsior/uk$/kousley/Spring 2016/fpgas/Homework 5/FPGAs_Homework-master/FPGAs_Homework-master/Homework_5/Homework_5_campus/Homework_5_campus/ipcore_dir/tmp/_cg/_bbx/chipscope_ila_v1_05_a/ila_trigseq_complex.vhd" sub00/vhpl36 1457546138
AR ila_cap_ctrl_g2_sq virtex "//excelsior/uk$/kousley/Spring 2016/fpgas/Homework 5/FPGAs_Homework-master/FPGAs_Homework-master/Homework_5/Homework_5_campus/Homework_5_campus/ipcore_dir/tmp/_cg/_bbx/chipscope_ila_v1_05_a/ila_cap_ctrl_g2_sq.vhd" sub00/vhpl63 1457546165
AR ila_core virtex "//excelsior/uk$/kousley/Spring 2016/fpgas/Homework 5/FPGAs_Homework-master/FPGAs_Homework-master/Homework_5/Homework_5_campus/Homework_5_campus/ipcore_dir/tmp/_cg/_bbx/chipscope_ila_v1_05_a/ila_core.vhd" sub00/vhpl69 1457546171
AR ila_bram_single virtex "//excelsior/uk$/kousley/Spring 2016/fpgas/Homework 5/FPGAs_Homework-master/FPGAs_Homework-master/Homework_5/Homework_5_campus/Homework_5_campus/ipcore_dir/tmp/_cg/_bbx/chipscope_ila_v1_05_a/ila_bram_single.vhd" sub00/vhpl33 1457546135
EN ila_cap_ctrl_g2_sq NULL "//excelsior/uk$/kousley/Spring 2016/fpgas/Homework 5/FPGAs_Homework-master/FPGAs_Homework-master/Homework_5/Homework_5_campus/Homework_5_campus/ipcore_dir/tmp/_cg/_bbx/chipscope_ila_v1_05_a/ila_cap_ctrl_g2_sq.vhd" sub00/vhpl62 1457546164
AR ila_match_var_srl32 virtex "//excelsior/uk$/kousley/Spring 2016/fpgas/Homework 5/FPGAs_Homework-master/FPGAs_Homework-master/Homework_5/Homework_5_campus/Homework_5_campus/ipcore_dir/tmp/_cg/_bbx/chipscope_ila_v1_05_a/ila_match_var_srl32.vhd" sub00/vhpl03 1457546105
EN ila_status NULL "//excelsior/uk$/kousley/Spring 2016/fpgas/Homework 5/FPGAs_Homework-master/FPGAs_Homework-master/Homework_5/Homework_5_campus/Homework_5_campus/ipcore_dir/tmp/_cg/_bbx/chipscope_ila_v1_05_a/ila_status.vhd" sub00/vhpl58 1457546160
EN ila_reset_ctrl NULL "//excelsior/uk$/kousley/Spring 2016/fpgas/Homework 5/FPGAs_Homework-master/FPGAs_Homework-master/Homework_5/Homework_5_campus/Homework_5_campus/ipcore_dir/tmp/_cg/_bbx/chipscope_ila_v1_05_a/ila_reset_ctrl.vhd" sub00/vhpl54 1457546156
EN ila_match_range NULL "//excelsior/uk$/kousley/Spring 2016/fpgas/Homework 5/FPGAs_Homework-master/FPGAs_Homework-master/Homework_5/Homework_5_campus/Homework_5_campus/ipcore_dir/tmp/_cg/_bbx/chipscope_ila_v1_05_a/ila_match_range.vhd" sub00/vhpl24 1457546126
EN ila_cap_ctrl NULL "//excelsior/uk$/kousley/Spring 2016/fpgas/Homework 5/FPGAs_Homework-master/FPGAs_Homework-master/Homework_5/Homework_5_campus/Homework_5_campus/ipcore_dir/tmp/_cg/_bbx/chipscope_ila_v1_05_a/ila_cap_ctrl.vhd" sub00/vhpl64 1457546166
EN ila_match_gor NULL "//excelsior/uk$/kousley/Spring 2016/fpgas/Homework 5/FPGAs_Homework-master/FPGAs_Homework-master/Homework_5/Homework_5_campus/Homework_5_campus/ipcore_dir/tmp/_cg/_bbx/chipscope_ila_v1_05_a/ila_match_gor.vhd" sub00/vhpl20 1457546122
EN ila_cap_addrgen NULL "//excelsior/uk$/kousley/Spring 2016/fpgas/Homework 5/FPGAs_Homework-master/FPGAs_Homework-master/Homework_5/Homework_5_campus/Homework_5_campus/ipcore_dir/tmp/_cg/_bbx/chipscope_ila_v1_05_a/ila_cap_addrgen.vhd" sub00/vhpl48 1457546150
AR ila_match_combo virtex "//excelsior/uk$/kousley/Spring 2016/fpgas/Homework 5/FPGAs_Homework-master/FPGAs_Homework-master/Homework_5/Homework_5_campus/Homework_5_campus/ipcore_dir/tmp/_cg/_bbx/chipscope_ila_v1_05_a/ila_match_combo.vhd" sub00/vhpl41 1457546143
AR ila_status virtex "//excelsior/uk$/kousley/Spring 2016/fpgas/Homework 5/FPGAs_Homework-master/FPGAs_Homework-master/Homework_5/Homework_5_campus/Homework_5_campus/ipcore_dir/tmp/_cg/_bbx/chipscope_ila_v1_05_a/ila_status.vhd" sub00/vhpl59 1457546161
AR ila_ram_readaddr virtex "//excelsior/uk$/kousley/Spring 2016/fpgas/Homework 5/FPGAs_Homework-master/FPGAs_Homework-master/Homework_5/Homework_5_campus/Homework_5_campus/ipcore_dir/tmp/_cg/_bbx/chipscope_ila_v1_05_a/ila_ram_readaddr.vhd" sub00/vhpl43 1457546145
EN ila_match_varx_srl32 NULL "//excelsior/uk$/kousley/Spring 2016/fpgas/Homework 5/FPGAs_Homework-master/FPGAs_Homework-master/Homework_5/Homework_5_campus/Homework_5_campus/ipcore_dir/tmp/_cg/_bbx/chipscope_ila_v1_05_a/ila_match_varx_srl32.vhd" sub00/vhpl06 1457546108
EN ila_match_gandx_srl16 NULL "//excelsior/uk$/kousley/Spring 2016/fpgas/Homework 5/FPGAs_Homework-master/FPGAs_Homework-master/Homework_5/Homework_5_campus/Homework_5_campus/ipcore_dir/tmp/_cg/_bbx/chipscope_ila_v1_05_a/ila_match_gandx_srl16.vhd" sub00/vhpl14 1457546116
AR ila_match_count virtex "//excelsior/uk$/kousley/Spring 2016/fpgas/Homework 5/FPGAs_Homework-master/FPGAs_Homework-master/Homework_5/Homework_5_campus/Homework_5_campus/ipcore_dir/tmp/_cg/_bbx/chipscope_ila_v1_05_a/ila_match_count.vhd" sub00/vhpl31 1457546133
EN ila_trigseq_simple NULL "//excelsior/uk$/kousley/Spring 2016/fpgas/Homework 5/FPGAs_Homework-master/FPGAs_Homework-master/Homework_5/Homework_5_campus/Homework_5_campus/ipcore_dir/tmp/_cg/_bbx/chipscope_ila_v1_05_a/ila_trigseq_simple.vhd" sub00/vhpl38 1457546140
EN ila_trigger NULL "//excelsior/uk$/kousley/Spring 2016/fpgas/Homework 5/FPGAs_Homework-master/FPGAs_Homework-master/Homework_5/Homework_5_campus/Homework_5_campus/ipcore_dir/tmp/_cg/_bbx/chipscope_ila_v1_05_a/ila_trigger.vhd" sub00/vhpl56 1457546158
AR ila_match_var virtex "//excelsior/uk$/kousley/Spring 2016/fpgas/Homework 5/FPGAs_Homework-master/FPGAs_Homework-master/Homework_5/Homework_5_campus/Homework_5_campus/ipcore_dir/tmp/_cg/_bbx/chipscope_ila_v1_05_a/ila_match_var.vhd" sub00/vhpl11 1457546113
AR ila_trig_match virtex "//excelsior/uk$/kousley/Spring 2016/fpgas/Homework 5/FPGAs_Homework-master/FPGAs_Homework-master/Homework_5/Homework_5_campus/Homework_5_campus/ipcore_dir/tmp/_cg/_bbx/chipscope_ila_v1_05_a/ila_trig_match.vhd" sub00/vhpl51 1457546153
EN ila_cap_ctrl_g2 NULL "//excelsior/uk$/kousley/Spring 2016/fpgas/Homework 5/FPGAs_Homework-master/FPGAs_Homework-master/Homework_5/Homework_5_campus/Homework_5_campus/ipcore_dir/tmp/_cg/_bbx/chipscope_ila_v1_05_a/ila_cap_ctrl_g2.vhd" sub00/vhpl60 1457546162
EN ila_match_combine NULL "//excelsior/uk$/kousley/Spring 2016/fpgas/Homework 5/FPGAs_Homework-master/FPGAs_Homework-master/Homework_5/Homework_5_campus/Homework_5_campus/ipcore_dir/tmp/_cg/_bbx/chipscope_ila_v1_05_a/ila_match_combine.vhd" sub00/vhpl34 1457546136
AR ila_match_gand virtex "//excelsior/uk$/kousley/Spring 2016/fpgas/Homework 5/FPGAs_Homework-master/FPGAs_Homework-master/Homework_5/Homework_5_campus/Homework_5_campus/ipcore_dir/tmp/_cg/_bbx/chipscope_ila_v1_05_a/ila_match_gand.vhd" sub00/vhpl17 1457546119
EN ila_bram_single NULL "//excelsior/uk$/kousley/Spring 2016/fpgas/Homework 5/FPGAs_Homework-master/FPGAs_Homework-master/Homework_5/Homework_5_campus/Homework_5_campus/ipcore_dir/tmp/_cg/_bbx/chipscope_ila_v1_05_a/ila_bram_single.vhd" sub00/vhpl32 1457546134
AR ila_match_var_srl16 virtex "//excelsior/uk$/kousley/Spring 2016/fpgas/Homework 5/FPGAs_Homework-master/FPGAs_Homework-master/Homework_5/Homework_5_campus/Homework_5_campus/ipcore_dir/tmp/_cg/_bbx/chipscope_ila_v1_05_a/ila_match_var_srl16.vhd" sub00/vhpl05 1457546107
EN ila_cap_storage NULL "//excelsior/uk$/kousley/Spring 2016/fpgas/Homework 5/FPGAs_Homework-master/FPGAs_Homework-master/Homework_5/Homework_5_campus/Homework_5_campus/ipcore_dir/tmp/_cg/_bbx/chipscope_ila_v1_05_a/ila_cap_storage.vhd" sub00/vhpl66 1457546168
AR chipscope_ila virtex "//excelsior/uk$/kousley/Spring 2016/fpgas/Homework 5/FPGAs_Homework-master/FPGAs_Homework-master/Homework_5/Homework_5_campus/Homework_5_campus/ipcore_dir/tmp/_cg/_bbx/chipscope_ila_v1_05_a/chipscope_ila.vhd" sub00/vhpl71 1457546173
PB ila_package ila_package "//excelsior/uk$/kousley/Spring 2016/fpgas/Homework 5/FPGAs_Homework-master/FPGAs_Homework-master/Homework_5/Homework_5_campus/Homework_5_campus/ipcore_dir/tmp/_cg/_bbx/chipscope_ila_v1_05_a/ila_package.vhd" sub00/vhpl01 1457546103
EN ila_match_var_srl16 NULL "//excelsior/uk$/kousley/Spring 2016/fpgas/Homework 5/FPGAs_Homework-master/FPGAs_Homework-master/Homework_5/Homework_5_campus/Homework_5_campus/ipcore_dir/tmp/_cg/_bbx/chipscope_ila_v1_05_a/ila_match_var_srl16.vhd" sub00/vhpl04 1457546106
EN ila_match_combo NULL "//excelsior/uk$/kousley/Spring 2016/fpgas/Homework 5/FPGAs_Homework-master/FPGAs_Homework-master/Homework_5/Homework_5_campus/Homework_5_campus/ipcore_dir/tmp/_cg/_bbx/chipscope_ila_v1_05_a/ila_match_combo.vhd" sub00/vhpl40 1457546142
EN ila_match_var_srl32 NULL "//excelsior/uk$/kousley/Spring 2016/fpgas/Homework 5/FPGAs_Homework-master/FPGAs_Homework-master/Homework_5/Homework_5_campus/Homework_5_campus/ipcore_dir/tmp/_cg/_bbx/chipscope_ila_v1_05_a/ila_match_var_srl32.vhd" sub00/vhpl02 1457546104
EN chipscope_ila NULL "//excelsior/uk$/kousley/Spring 2016/fpgas/Homework 5/FPGAs_Homework-master/FPGAs_Homework-master/Homework_5/Homework_5_campus/Homework_5_campus/ipcore_dir/tmp/_cg/_bbx/chipscope_ila_v1_05_a/chipscope_ila.vhd" sub00/vhpl70 1457546172
AR ila_match_varx virtex "//excelsior/uk$/kousley/Spring 2016/fpgas/Homework 5/FPGAs_Homework-master/FPGAs_Homework-master/Homework_5/Homework_5_campus/Homework_5_campus/ipcore_dir/tmp/_cg/_bbx/chipscope_ila_v1_05_a/ila_match_varx.vhd" sub00/vhpl13 1457546115
EN ila_bram_flat NULL "//excelsior/uk$/kousley/Spring 2016/fpgas/Homework 5/FPGAs_Homework-master/FPGAs_Homework-master/Homework_5/Homework_5_campus/Homework_5_campus/ipcore_dir/tmp/_cg/_bbx/chipscope_ila_v1_05_a/ila_bram_flat.vhd" sub00/vhpl44 1457546146
AR ila_match_varx_srl32 virtex "//excelsior/uk$/kousley/Spring 2016/fpgas/Homework 5/FPGAs_Homework-master/FPGAs_Homework-master/Homework_5/Homework_5_campus/Homework_5_campus/ipcore_dir/tmp/_cg/_bbx/chipscope_ila_v1_05_a/ila_match_varx_srl32.vhd" sub00/vhpl07 1457546109
AR ila_trigseq_complex virtex "//excelsior/uk$/kousley/Spring 2016/fpgas/Homework 5/FPGAs_Homework-master/FPGAs_Homework-master/Homework_5/Homework_5_campus/Homework_5_campus/ipcore_dir/tmp/_cg/_bbx/chipscope_ila_v1_05_a/ila_trigseq_complex.vhd" sub00/vhpl37 1457546139
AR ila_match_gorx virtex "//excelsior/uk$/kousley/Spring 2016/fpgas/Homework 5/FPGAs_Homework-master/FPGAs_Homework-master/Homework_5/Homework_5_campus/Homework_5_campus/ipcore_dir/tmp/_cg/_bbx/chipscope_ila_v1_05_a/ila_match_gorx.vhd" sub00/vhpl23 1457546125
AR ila_match_gor virtex "//excelsior/uk$/kousley/Spring 2016/fpgas/Homework 5/FPGAs_Homework-master/FPGAs_Homework-master/Homework_5/Homework_5_campus/Homework_5_campus/ipcore_dir/tmp/_cg/_bbx/chipscope_ila_v1_05_a/ila_match_gor.vhd" sub00/vhpl21 1457546123
AR ila_cap_addrgen virtex "//excelsior/uk$/kousley/Spring 2016/fpgas/Homework 5/FPGAs_Homework-master/FPGAs_Homework-master/Homework_5/Homework_5_campus/Homework_5_campus/ipcore_dir/tmp/_cg/_bbx/chipscope_ila_v1_05_a/ila_cap_addrgen.vhd" sub00/vhpl49 1457546151
EN ila_ram_readaddr NULL "//excelsior/uk$/kousley/Spring 2016/fpgas/Homework 5/FPGAs_Homework-master/FPGAs_Homework-master/Homework_5/Homework_5_campus/Homework_5_campus/ipcore_dir/tmp/_cg/_bbx/chipscope_ila_v1_05_a/ila_ram_readaddr.vhd" sub00/vhpl42 1457546144
EN ila_match_gandx NULL "//excelsior/uk$/kousley/Spring 2016/fpgas/Homework 5/FPGAs_Homework-master/FPGAs_Homework-master/Homework_5/Homework_5_campus/Homework_5_campus/ipcore_dir/tmp/_cg/_bbx/chipscope_ila_v1_05_a/ila_match_gandx.vhd" sub00/vhpl18 1457546120
AR ila_match_gandx_srl16 virtex "//excelsior/uk$/kousley/Spring 2016/fpgas/Homework 5/FPGAs_Homework-master/FPGAs_Homework-master/Homework_5/Homework_5_campus/Homework_5_campus/ipcore_dir/tmp/_cg/_bbx/chipscope_ila_v1_05_a/ila_match_gandx_srl16.vhd" sub00/vhpl15 1457546117
PH ila_package NULL "//excelsior/uk$/kousley/Spring 2016/fpgas/Homework 5/FPGAs_Homework-master/FPGAs_Homework-master/Homework_5/Homework_5_campus/Homework_5_campus/ipcore_dir/tmp/_cg/_bbx/chipscope_ila_v1_05_a/ila_package.vhd" sub00/vhpl00 1457546102
AR ila_match_gand_srl16 virtex "//excelsior/uk$/kousley/Spring 2016/fpgas/Homework 5/FPGAs_Homework-master/FPGAs_Homework-master/Homework_5/Homework_5_campus/Homework_5_campus/ipcore_dir/tmp/_cg/_bbx/chipscope_ila_v1_05_a/ila_match_gand_srl16.vhd" sub00/vhpl09 1457546111
AR ila_match_range virtex "//excelsior/uk$/kousley/Spring 2016/fpgas/Homework 5/FPGAs_Homework-master/FPGAs_Homework-master/Homework_5/Homework_5_campus/Homework_5_campus/ipcore_dir/tmp/_cg/_bbx/chipscope_ila_v1_05_a/ila_match_range.vhd" sub00/vhpl25 1457546127
EN ila_match_gand_srl16 NULL "//excelsior/uk$/kousley/Spring 2016/fpgas/Homework 5/FPGAs_Homework-master/FPGAs_Homework-master/Homework_5/Homework_5_campus/Homework_5_campus/ipcore_dir/tmp/_cg/_bbx/chipscope_ila_v1_05_a/ila_match_gand_srl16.vhd" sub00/vhpl08 1457546110
AR ila_match_gandx virtex "//excelsior/uk$/kousley/Spring 2016/fpgas/Homework 5/FPGAs_Homework-master/FPGAs_Homework-master/Homework_5/Homework_5_campus/Homework_5_campus/ipcore_dir/tmp/_cg/_bbx/chipscope_ila_v1_05_a/ila_match_gandx.vhd" sub00/vhpl19 1457546121
EN ila_match_varx NULL "//excelsior/uk$/kousley/Spring 2016/fpgas/Homework 5/FPGAs_Homework-master/FPGAs_Homework-master/Homework_5/Homework_5_campus/Homework_5_campus/ipcore_dir/tmp/_cg/_bbx/chipscope_ila_v1_05_a/ila_match_varx.vhd" sub00/vhpl12 1457546114
AR ila_cap_storage virtex "//excelsior/uk$/kousley/Spring 2016/fpgas/Homework 5/FPGAs_Homework-master/FPGAs_Homework-master/Homework_5/Homework_5_campus/Homework_5_campus/ipcore_dir/tmp/_cg/_bbx/chipscope_ila_v1_05_a/ila_cap_storage.vhd" sub00/vhpl67 1457546169
AR ila_trace_buffer syn "//excelsior/uk$/kousley/Spring 2016/fpgas/Homework 5/FPGAs_Homework-master/FPGAs_Homework-master/Homework_5/Homework_5_campus/Homework_5_campus/ipcore_dir/tmp/_cg/_bbx/chipscope_ila_v1_05_a/ila_trace_buffer.vhd" sub00/vhpl47 1457546149
AR ila_match_combine virtex "//excelsior/uk$/kousley/Spring 2016/fpgas/Homework 5/FPGAs_Homework-master/FPGAs_Homework-master/Homework_5/Homework_5_campus/Homework_5_campus/ipcore_dir/tmp/_cg/_bbx/chipscope_ila_v1_05_a/ila_match_combine.vhd" sub00/vhpl35 1457546137
AR ila_cap_ctrl virtex "//excelsior/uk$/kousley/Spring 2016/fpgas/Homework 5/FPGAs_Homework-master/FPGAs_Homework-master/Homework_5/Homework_5_campus/Homework_5_campus/ipcore_dir/tmp/_cg/_bbx/chipscope_ila_v1_05_a/ila_cap_ctrl.vhd" sub00/vhpl65 1457546167
EN ila_trigcond NULL "//excelsior/uk$/kousley/Spring 2016/fpgas/Homework 5/FPGAs_Homework-master/FPGAs_Homework-master/Homework_5/Homework_5_campus/Homework_5_campus/ipcore_dir/tmp/_cg/_bbx/chipscope_ila_v1_05_a/ila_trigcond.vhd" sub00/vhpl52 1457546154
EN ila_match_gand NULL "//excelsior/uk$/kousley/Spring 2016/fpgas/Homework 5/FPGAs_Homework-master/FPGAs_Homework-master/Homework_5/Homework_5_campus/Homework_5_campus/ipcore_dir/tmp/_cg/_bbx/chipscope_ila_v1_05_a/ila_match_gand.vhd" sub00/vhpl16 1457546118
AR ila_match virtex "//excelsior/uk$/kousley/Spring 2016/fpgas/Homework 5/FPGAs_Homework-master/FPGAs_Homework-master/Homework_5/Homework_5_campus/Homework_5_campus/ipcore_dir/tmp/_cg/_bbx/chipscope_ila_v1_05_a/ila_match.vhd" sub00/vhpl29 1457546131
EN ila_match_gorx NULL "//excelsior/uk$/kousley/Spring 2016/fpgas/Homework 5/FPGAs_Homework-master/FPGAs_Homework-master/Homework_5/Homework_5_campus/Homework_5_campus/ipcore_dir/tmp/_cg/_bbx/chipscope_ila_v1_05_a/ila_match_gorx.vhd" sub00/vhpl22 1457546124
EN ila_match_var NULL "//excelsior/uk$/kousley/Spring 2016/fpgas/Homework 5/FPGAs_Homework-master/FPGAs_Homework-master/Homework_5/Homework_5_campus/Homework_5_campus/ipcore_dir/tmp/_cg/_bbx/chipscope_ila_v1_05_a/ila_match_var.vhd" sub00/vhpl10 1457546112
EN ila_trace_buffer NULL "//excelsior/uk$/kousley/Spring 2016/fpgas/Homework 5/FPGAs_Homework-master/FPGAs_Homework-master/Homework_5/Homework_5_campus/Homework_5_campus/ipcore_dir/tmp/_cg/_bbx/chipscope_ila_v1_05_a/ila_trace_buffer.vhd" sub00/vhpl46 1457546148
AR ila_trigger virtex "//excelsior/uk$/kousley/Spring 2016/fpgas/Homework 5/FPGAs_Homework-master/FPGAs_Homework-master/Homework_5/Homework_5_campus/Homework_5_campus/ipcore_dir/tmp/_cg/_bbx/chipscope_ila_v1_05_a/ila_trigger.vhd" sub00/vhpl57 1457546159
EN ila_match_count NULL "//excelsior/uk$/kousley/Spring 2016/fpgas/Homework 5/FPGAs_Homework-master/FPGAs_Homework-master/Homework_5/Homework_5_campus/Homework_5_campus/ipcore_dir/tmp/_cg/_bbx/chipscope_ila_v1_05_a/ila_match_count.vhd" sub00/vhpl30 1457546132
AR ila_reset_ctrl virtex "//excelsior/uk$/kousley/Spring 2016/fpgas/Homework 5/FPGAs_Homework-master/FPGAs_Homework-master/Homework_5/Homework_5_campus/Homework_5_campus/ipcore_dir/tmp/_cg/_bbx/chipscope_ila_v1_05_a/ila_reset_ctrl.vhd" sub00/vhpl55 1457546157
EN ila_trigcond_lut NULL "//excelsior/uk$/kousley/Spring 2016/fpgas/Homework 5/FPGAs_Homework-master/FPGAs_Homework-master/Homework_5/Homework_5_campus/Homework_5_campus/ipcore_dir/tmp/_cg/_bbx/chipscope_ila_v1_05_a/ila_trigcond_lut.vhd" sub00/vhpl26 1457546128
EN ila_match NULL "//excelsior/uk$/kousley/Spring 2016/fpgas/Homework 5/FPGAs_Homework-master/FPGAs_Homework-master/Homework_5/Homework_5_campus/Homework_5_campus/ipcore_dir/tmp/_cg/_bbx/chipscope_ila_v1_05_a/ila_match.vhd" sub00/vhpl28 1457546130
EN ila_trig_match NULL "//excelsior/uk$/kousley/Spring 2016/fpgas/Homework 5/FPGAs_Homework-master/FPGAs_Homework-master/Homework_5/Homework_5_campus/Homework_5_campus/ipcore_dir/tmp/_cg/_bbx/chipscope_ila_v1_05_a/ila_trig_match.vhd" sub00/vhpl50 1457546152
AR ila_cap_ctrl_g2 virtex "//excelsior/uk$/kousley/Spring 2016/fpgas/Homework 5/FPGAs_Homework-master/FPGAs_Homework-master/Homework_5/Homework_5_campus/Homework_5_campus/ipcore_dir/tmp/_cg/_bbx/chipscope_ila_v1_05_a/ila_cap_ctrl_g2.vhd" sub00/vhpl61 1457546163
EN ila_core NULL "//excelsior/uk$/kousley/Spring 2016/fpgas/Homework 5/FPGAs_Homework-master/FPGAs_Homework-master/Homework_5/Homework_5_campus/Homework_5_campus/ipcore_dir/tmp/_cg/_bbx/chipscope_ila_v1_05_a/ila_core.vhd" sub00/vhpl68 1457546170
AR ila_bram_flat virtex "//excelsior/uk$/kousley/Spring 2016/fpgas/Homework 5/FPGAs_Homework-master/FPGAs_Homework-master/Homework_5/Homework_5_campus/Homework_5_campus/ipcore_dir/tmp/_cg/_bbx/chipscope_ila_v1_05_a/ila_bram_flat.vhd" sub00/vhpl45 1457546147
