PH bip_utils_pkg NULL "//excelsior/uk$/kousley/Spring 2016/fpgas/Homework 5/FPGAs_Homework-master/FPGAs_Homework-master/Homework_5/Homework_5_campus/Homework_5_campus/ipcore_dir/tmp/_cg/_bbx/xbip_utils_v1_00_a/bip_utils_pkg.vhd" sub00/vhpl00 1457545852
PB bip_utils_pkg bip_utils_pkg "//excelsior/uk$/kousley/Spring 2016/fpgas/Homework 5/FPGAs_Homework-master/FPGAs_Homework-master/Homework_5/Homework_5_campus/Homework_5_campus/ipcore_dir/tmp/_cg/_bbx/xbip_utils_v1_00_a/bip_utils_pkg.vhd" sub00/vhpl01 1457545853
