AR icon_core virtex "//excelsior/uk$/kousley/Spring 2016/fpgas/Homework 5/FPGAs_Homework-master/FPGAs_Homework-master/Homework_5/Homework_5_campus/Homework_5_campus/ipcore_dir/tmp/_cg/_bbx/chipscope_icon_v1_06_a/icon_core.vhd" sub00/vhpl21 1457545541
AR icon_ctrl_out virtex "//excelsior/uk$/kousley/Spring 2016/fpgas/Homework 5/FPGAs_Homework-master/FPGAs_Homework-master/Homework_5/Homework_5_campus/Homework_5_campus/ipcore_dir/tmp/_cg/_bbx/chipscope_icon_v1_06_a/icon_ctrl_out.vhd" sub00/vhpl17 1457545537
AR icon_drck_wire syn "//excelsior/uk$/kousley/Spring 2016/fpgas/Homework 5/FPGAs_Homework-master/FPGAs_Homework-master/Homework_5/Homework_5_campus/Homework_5_campus/ipcore_dir/tmp/_cg/_bbx/chipscope_icon_v1_06_a/icon_drck_wire.vhd" sub00/vhpl11 1457545531
AR icon_status virtex "//excelsior/uk$/kousley/Spring 2016/fpgas/Homework 5/FPGAs_Homework-master/FPGAs_Homework-master/Homework_5/Homework_5_campus/Homework_5_campus/ipcore_dir/tmp/_cg/_bbx/chipscope_icon_v1_06_a/icon_status.vhd" sub00/vhpl19 1457545539
AR icon_bscan_bufg_src syn "//excelsior/uk$/kousley/Spring 2016/fpgas/Homework 5/FPGAs_Homework-master/FPGAs_Homework-master/Homework_5/Homework_5_campus/Homework_5_campus/ipcore_dir/tmp/_cg/_bbx/chipscope_icon_v1_06_a/icon_bscan_bufg_src.vhd" sub00/vhpl03 1457545523
EN chipscope_icon NULL "//excelsior/uk$/kousley/Spring 2016/fpgas/Homework 5/FPGAs_Homework-master/FPGAs_Homework-master/Homework_5/Homework_5_campus/Homework_5_campus/ipcore_dir/tmp/_cg/_bbx/chipscope_icon_v1_06_a/chipscope_icon.vhd" sub00/vhpl22 1457545542
AR icon_sync virtex "//excelsior/uk$/kousley/Spring 2016/fpgas/Homework 5/FPGAs_Homework-master/FPGAs_Homework-master/Homework_5/Homework_5_campus/Homework_5_campus/ipcore_dir/tmp/_cg/_bbx/chipscope_icon_v1_06_a/icon_sync.vhd" sub00/vhpl15 1457545535
EN icon_status NULL "//excelsior/uk$/kousley/Spring 2016/fpgas/Homework 5/FPGAs_Homework-master/FPGAs_Homework-master/Homework_5/Homework_5_campus/Homework_5_campus/ipcore_dir/tmp/_cg/_bbx/chipscope_icon_v1_06_a/icon_status.vhd" sub00/vhpl18 1457545538
EN icon_sync NULL "//excelsior/uk$/kousley/Spring 2016/fpgas/Homework 5/FPGAs_Homework-master/FPGAs_Homework-master/Homework_5/Homework_5_campus/Homework_5_campus/ipcore_dir/tmp/_cg/_bbx/chipscope_icon_v1_06_a/icon_sync.vhd" sub00/vhpl14 1457545534
EN icon_drck_wire_src NULL "//excelsior/uk$/kousley/Spring 2016/fpgas/Homework 5/FPGAs_Homework-master/FPGAs_Homework-master/Homework_5/Homework_5_campus/Homework_5_campus/ipcore_dir/tmp/_cg/_bbx/chipscope_icon_v1_06_a/icon_drck_wire_src.vhd" sub00/vhpl08 1457545528
AR icon_bscan_bufg syn "//excelsior/uk$/kousley/Spring 2016/fpgas/Homework 5/FPGAs_Homework-master/FPGAs_Homework-master/Homework_5/Homework_5_campus/Homework_5_campus/ipcore_dir/tmp/_cg/_bbx/chipscope_icon_v1_06_a/icon_bscan_bufg.vhd" sub00/vhpl05 1457545525
PB icon_package icon_package "//excelsior/uk$/kousley/Spring 2016/fpgas/Homework 5/FPGAs_Homework-master/FPGAs_Homework-master/Homework_5/Homework_5_campus/Homework_5_campus/ipcore_dir/tmp/_cg/_bbx/chipscope_icon_v1_06_a/icon_package.vhd" sub00/vhpl01 1457545521
EN icon_bscan_bufg NULL "//excelsior/uk$/kousley/Spring 2016/fpgas/Homework 5/FPGAs_Homework-master/FPGAs_Homework-master/Homework_5/Homework_5_campus/Homework_5_campus/ipcore_dir/tmp/_cg/_bbx/chipscope_icon_v1_06_a/icon_bscan_bufg.vhd" sub00/vhpl04 1457545524
AR icon_bscan virtex "//excelsior/uk$/kousley/Spring 2016/fpgas/Homework 5/FPGAs_Homework-master/FPGAs_Homework-master/Homework_5/Homework_5_campus/Homework_5_campus/ipcore_dir/tmp/_cg/_bbx/chipscope_icon_v1_06_a/icon_bscan.vhd" sub00/vhpl07 1457545527
EN icon_drck_wire NULL "//excelsior/uk$/kousley/Spring 2016/fpgas/Homework 5/FPGAs_Homework-master/FPGAs_Homework-master/Homework_5/Homework_5_campus/Homework_5_campus/ipcore_dir/tmp/_cg/_bbx/chipscope_icon_v1_06_a/icon_drck_wire.vhd" sub00/vhpl10 1457545530
AR icon_cmd_decode virtex "//excelsior/uk$/kousley/Spring 2016/fpgas/Homework 5/FPGAs_Homework-master/FPGAs_Homework-master/Homework_5/Homework_5_campus/Homework_5_campus/ipcore_dir/tmp/_cg/_bbx/chipscope_icon_v1_06_a/icon_cmd_decode.vhd" sub00/vhpl13 1457545533
EN icon_bscan_bufg_src NULL "//excelsior/uk$/kousley/Spring 2016/fpgas/Homework 5/FPGAs_Homework-master/FPGAs_Homework-master/Homework_5/Homework_5_campus/Homework_5_campus/ipcore_dir/tmp/_cg/_bbx/chipscope_icon_v1_06_a/icon_bscan_bufg_src.vhd" sub00/vhpl02 1457545522
EN icon_ctrl_out NULL "//excelsior/uk$/kousley/Spring 2016/fpgas/Homework 5/FPGAs_Homework-master/FPGAs_Homework-master/Homework_5/Homework_5_campus/Homework_5_campus/ipcore_dir/tmp/_cg/_bbx/chipscope_icon_v1_06_a/icon_ctrl_out.vhd" sub00/vhpl16 1457545536
EN icon_bscan NULL "//excelsior/uk$/kousley/Spring 2016/fpgas/Homework 5/FPGAs_Homework-master/FPGAs_Homework-master/Homework_5/Homework_5_campus/Homework_5_campus/ipcore_dir/tmp/_cg/_bbx/chipscope_icon_v1_06_a/icon_bscan.vhd" sub00/vhpl06 1457545526
EN icon_core NULL "//excelsior/uk$/kousley/Spring 2016/fpgas/Homework 5/FPGAs_Homework-master/FPGAs_Homework-master/Homework_5/Homework_5_campus/Homework_5_campus/ipcore_dir/tmp/_cg/_bbx/chipscope_icon_v1_06_a/icon_core.vhd" sub00/vhpl20 1457545540
EN icon_cmd_decode NULL "//excelsior/uk$/kousley/Spring 2016/fpgas/Homework 5/FPGAs_Homework-master/FPGAs_Homework-master/Homework_5/Homework_5_campus/Homework_5_campus/ipcore_dir/tmp/_cg/_bbx/chipscope_icon_v1_06_a/icon_cmd_decode.vhd" sub00/vhpl12 1457545532
AR icon_drck_wire_src syn "//excelsior/uk$/kousley/Spring 2016/fpgas/Homework 5/FPGAs_Homework-master/FPGAs_Homework-master/Homework_5/Homework_5_campus/Homework_5_campus/ipcore_dir/tmp/_cg/_bbx/chipscope_icon_v1_06_a/icon_drck_wire_src.vhd" sub00/vhpl09 1457545529
AR chipscope_icon virtex "//excelsior/uk$/kousley/Spring 2016/fpgas/Homework 5/FPGAs_Homework-master/FPGAs_Homework-master/Homework_5/Homework_5_campus/Homework_5_campus/ipcore_dir/tmp/_cg/_bbx/chipscope_icon_v1_06_a/chipscope_icon.vhd" sub00/vhpl23 1457545543
PH icon_package NULL "//excelsior/uk$/kousley/Spring 2016/fpgas/Homework 5/FPGAs_Homework-master/FPGAs_Homework-master/Homework_5/Homework_5_campus/Homework_5_campus/ipcore_dir/tmp/_cg/_bbx/chipscope_icon_v1_06_a/icon_package.vhd" sub00/vhpl00 1457545520
