AR cs_mux syn "//excelsior/uk$/kousley/Spring 2016/fpgas/Homework 5/FPGAs_Homework-master/FPGAs_Homework-master/Homework_5/Homework_5_campus/Homework_5_campus/ipcore_dir/tmp/_cg/_bbx/chipscope_lib_v1_03_a/cs_mux.vhd" sub00/vhpl37 1457545883
PB cs_bram_s6_pkg cs_bram_s6_pkg "//excelsior/uk$/kousley/Spring 2016/fpgas/Homework 5/FPGAs_Homework-master/FPGAs_Homework-master/Homework_5/Homework_5_campus/Homework_5_campus/ipcore_dir/tmp/_cg/_bbx/chipscope_lib_v1_03_a/cs_bram_s6_pkg.vhd" sub00/vhpl90 1457545928
AR cs_gand_srl_s6 structural "//excelsior/uk$/kousley/Spring 2016/fpgas/Homework 5/FPGAs_Homework-master/FPGAs_Homework-master/Homework_5/Homework_5_campus/Homework_5_campus/ipcore_dir/tmp/_cg/_bbx/chipscope_lib_v1_03_a/cs_gand_srl_s6.vhd" sub01/vhpl154 1457545992
AR cs_gand_srl_v5_slice structural "//excelsior/uk$/kousley/Spring 2016/fpgas/Homework 5/FPGAs_Homework-master/FPGAs_Homework-master/Homework_5/Homework_5_campus/Homework_5_campus/ipcore_dir/tmp/_cg/_bbx/chipscope_lib_v1_03_a/cs_gand_srl_v5_slice.vhd" sub00/vhpl78 1457545916
AR cs_jtag_reg rtl "//excelsior/uk$/kousley/Spring 2016/fpgas/Homework 5/FPGAs_Homework-master/FPGAs_Homework-master/Homework_5/Homework_5_campus/Homework_5_campus/ipcore_dir/tmp/_cg/_bbx/chipscope_lib_v1_03_a/cs_jtag_reg.vhd" sub00/vhpl06 1457545480
AR cs_gand_srl_v5_rpm_set structural "//excelsior/uk$/kousley/Spring 2016/fpgas/Homework 5/FPGAs_Homework-master/FPGAs_Homework-master/Homework_5/Homework_5_campus/Homework_5_campus/ipcore_dir/tmp/_cg/_bbx/chipscope_lib_v1_03_a/cs_gand_srl_v5_rpm_set.vhd" sub01/vhpl118 1457545956
EN async_transfer NULL "//excelsior/uk$/kousley/Spring 2016/fpgas/Homework 5/FPGAs_Homework-master/FPGAs_Homework-master/Homework_5/Homework_5_campus/Homework_5_campus/ipcore_dir/tmp/_cg/_bbx/chipscope_lib_v1_03_a/async_transfer.vhd" sub02/vhpl244 1457546088
EN cs_bram_simple_s6_ramb9 NULL "//excelsior/uk$/kousley/Spring 2016/fpgas/Homework 5/FPGAs_Homework-master/FPGAs_Homework-master/Homework_5/Homework_5_campus/Homework_5_campus/ipcore_dir/tmp/_cg/_bbx/chipscope_lib_v1_03_a/cs_bram_simple_s6_ramb9.vhd" sub01/vhpl141 1457545979
EN cs_jtag_tap NULL "//excelsior/uk$/kousley/Spring 2016/fpgas/Homework 5/FPGAs_Homework-master/FPGAs_Homework-master/Homework_5/Homework_5_campus/Homework_5_campus/ipcore_dir/tmp/_cg/_bbx/chipscope_lib_v1_03_a/cs_jtag_tap.vhd" sub00/vhpl34 1457545508
EN cs_gand_srl_k7_slice NULL "//excelsior/uk$/kousley/Spring 2016/fpgas/Homework 5/FPGAs_Homework-master/FPGAs_Homework-master/Homework_5/Homework_5_campus/Homework_5_campus/ipcore_dir/tmp/_cg/_bbx/chipscope_lib_v1_03_a/cs_gand_srl_k7_slice.vhd" sub00/vhpl67 1457545905
EN cs_gand_srl_zq_rpm_unset NULL "//excelsior/uk$/kousley/Spring 2016/fpgas/Homework 5/FPGAs_Homework-master/FPGAs_Homework-master/Homework_5/Homework_5_campus/Homework_5_campus/ipcore_dir/tmp/_cg/_bbx/chipscope_lib_v1_03_a/cs_gand_srl_zq_rpm_unset.vhd" sub00/vhpl99 1457545937
EN cs_gandx_srl_k7 NULL "//excelsior/uk$/kousley/Spring 2016/fpgas/Homework 5/FPGAs_Homework-master/FPGAs_Homework-master/Homework_5/Homework_5_campus/Homework_5_campus/ipcore_dir/tmp/_cg/_bbx/chipscope_lib_v1_03_a/cs_gandx_srl_k7.vhd" sub01/vhpl198 1457546036
EN cs_gand_srl_v7_slice_rpm_unset NULL "//excelsior/uk$/kousley/Spring 2016/fpgas/Homework 5/FPGAs_Homework-master/FPGAs_Homework-master/Homework_5/Homework_5_campus/Homework_5_campus/ipcore_dir/tmp/_cg/_bbx/chipscope_lib_v1_03_a/cs_gand_srl_v7_slice_rpm_unset.vhd" sub00/vhpl73 1457545911
AR lzpcounter virtex "//excelsior/uk$/kousley/Spring 2016/fpgas/Homework 5/FPGAs_Homework-master/FPGAs_Homework-master/Homework_5/Homework_5_campus/Homework_5_campus/ipcore_dir/tmp/_cg/_bbx/chipscope_lib_v1_03_a/lzpcounter.vhd" sub02/vhpl235 1457546077
EN cs_gand_srl_zq NULL "//excelsior/uk$/kousley/Spring 2016/fpgas/Homework 5/FPGAs_Homework-master/FPGAs_Homework-master/Homework_5/Homework_5_campus/Homework_5_campus/ipcore_dir/tmp/_cg/_bbx/chipscope_lib_v1_03_a/cs_gand_srl_zq.vhd" sub01/vhpl151 1457545989
AR cs_bram_cascade_s6 syn "//excelsior/uk$/kousley/Spring 2016/fpgas/Homework 5/FPGAs_Homework-master/FPGAs_Homework-master/Homework_5/Homework_5_campus/Homework_5_campus/ipcore_dir/tmp/_cg/_bbx/chipscope_lib_v1_03_a/cs_bram_cascade_s6.vhd" sub02/vhpl215 1457546055
EN cs_gand_srl_v6_slice NULL "//excelsior/uk$/kousley/Spring 2016/fpgas/Homework 5/FPGAs_Homework-master/FPGAs_Homework-master/Homework_5/Homework_5_campus/Homework_5_campus/ipcore_dir/tmp/_cg/_bbx/chipscope_lib_v1_03_a/cs_gand_srl_v6_slice.vhd" sub00/vhpl75 1457545913
AR cs_bram_cascade_a7 syn "//excelsior/uk$/kousley/Spring 2016/fpgas/Homework 5/FPGAs_Homework-master/FPGAs_Homework-master/Homework_5/Homework_5_campus/Homework_5_campus/ipcore_dir/tmp/_cg/_bbx/chipscope_lib_v1_03_a/cs_bram_cascade_a7.vhd" sub02/vhpl225 1457546065
AR cs_bus_mux8 syn "//excelsior/uk$/kousley/Spring 2016/fpgas/Homework 5/FPGAs_Homework-master/FPGAs_Homework-master/Homework_5/Homework_5_campus/Homework_5_campus/ipcore_dir/tmp/_cg/_bbx/chipscope_lib_v1_03_a/cs_bus_mux8.vhd" sub01/vhpl185 1457546023
AR cs_cfglut4 virtex "//excelsior/uk$/kousley/Spring 2016/fpgas/Homework 5/FPGAs_Homework-master/FPGAs_Homework-master/Homework_5/Homework_5_campus/Homework_5_campus/ipcore_dir/tmp/_cg/_bbx/chipscope_lib_v1_03_a/cs_cfglut4.vhd" sub00/vhpl54 1457545892
AR lcounter virtex "//excelsior/uk$/kousley/Spring 2016/fpgas/Homework 5/FPGAs_Homework-master/FPGAs_Homework-master/Homework_5/Homework_5_campus/Homework_5_campus/ipcore_dir/tmp/_cg/_bbx/chipscope_lib_v1_03_a/lcounter.vhd" sub02/vhpl233 1457546075
AR cs_bram_cascade_zq syn "//excelsior/uk$/kousley/Spring 2016/fpgas/Homework 5/FPGAs_Homework-master/FPGAs_Homework-master/Homework_5/Homework_5_campus/Homework_5_campus/ipcore_dir/tmp/_cg/_bbx/chipscope_lib_v1_03_a/cs_bram_cascade_zq.vhd" sub02/vhpl223 1457546063
AR cs_mux2048 syn "//excelsior/uk$/kousley/Spring 2016/fpgas/Homework 5/FPGAs_Homework-master/FPGAs_Homework-master/Homework_5/Homework_5_campus/Homework_5_campus/ipcore_dir/tmp/_cg/_bbx/chipscope_lib_v1_03_a/cs_mux2048.vhd" sub00/vhpl28 1457545877
EN cs_mux1024 NULL "//excelsior/uk$/kousley/Spring 2016/fpgas/Homework 5/FPGAs_Homework-master/FPGAs_Homework-master/Homework_5/Homework_5_campus/Homework_5_campus/ipcore_dir/tmp/_cg/_bbx/chipscope_lib_v1_03_a/cs_mux1024.vhd" sub00/vhpl25 1457545874
AR cs_lut6 virtex "//excelsior/uk$/kousley/Spring 2016/fpgas/Homework 5/FPGAs_Homework-master/FPGAs_Homework-master/Homework_5/Homework_5_campus/Homework_5_campus/ipcore_dir/tmp/_cg/_bbx/chipscope_lib_v1_03_a/cs_lut6.vhd" sub02/vhpl209 1457546049
EN cs_register NULL "//excelsior/uk$/kousley/Spring 2016/fpgas/Homework 5/FPGAs_Homework-master/FPGAs_Homework-master/Homework_5/Homework_5_campus/Homework_5_campus/ipcore_dir/tmp/_cg/_bbx/chipscope_lib_v1_03_a/cs_register.vhd" sub01/vhpl167 1457546005
AR cs_gandx_srl_v6 structural "//excelsior/uk$/kousley/Spring 2016/fpgas/Homework 5/FPGAs_Homework-master/FPGAs_Homework-master/Homework_5/Homework_5_campus/Homework_5_campus/ipcore_dir/tmp/_cg/_bbx/chipscope_lib_v1_03_a/cs_gandx_srl_v6.vhd" sub01/vhpl195 1457546033
PH cs_bram_depth_pkg NULL "//excelsior/uk$/kousley/Spring 2016/fpgas/Homework 5/FPGAs_Homework-master/FPGAs_Homework-master/Homework_5/Homework_5_campus/Homework_5_campus/ipcore_dir/tmp/_cg/_bbx/chipscope_lib_v1_03_a/cs_bram_depth_pkg.vhd" sub00/vhpl52 1457545890
EN xsrl16 NULL "//excelsior/uk$/kousley/Spring 2016/fpgas/Homework 5/FPGAs_Homework-master/FPGAs_Homework-master/Homework_5/Homework_5_campus/Homework_5_campus/ipcore_dir/tmp/_cg/_bbx/chipscope_lib_v1_03_a/xsrl16.vhd" sub01/vhpl188 1457546026
EN cs_gand_srl NULL "//excelsior/uk$/kousley/Spring 2016/fpgas/Homework 5/FPGAs_Homework-master/FPGAs_Homework-master/Homework_5/Homework_5_campus/Homework_5_campus/ipcore_dir/tmp/_cg/_bbx/chipscope_lib_v1_03_a/cs_gand_srl.vhd" sub02/vhpl230 1457546072
AR cs_bram_simple_v6_ramb18 syn "//excelsior/uk$/kousley/Spring 2016/fpgas/Homework 5/FPGAs_Homework-master/FPGAs_Homework-master/Homework_5/Homework_5_campus/Homework_5_campus/ipcore_dir/tmp/_cg/_bbx/chipscope_lib_v1_03_a/cs_bram_simple_v6_ramb18.vhd" sub01/vhpl138 1457545976
AR fdpr virtex "//excelsior/uk$/kousley/Spring 2016/fpgas/Homework 5/FPGAs_Homework-master/FPGAs_Homework-master/Homework_5/Homework_5_campus/Homework_5_campus/ipcore_dir/tmp/_cg/_bbx/chipscope_lib_v1_03_a/fdpr.vhd" sub02/vhpl255 1457546099
PB cs_bram_zq_pkg cs_bram_zq_pkg "//excelsior/uk$/kousley/Spring 2016/fpgas/Homework 5/FPGAs_Homework-master/FPGAs_Homework-master/Homework_5/Homework_5_campus/Homework_5_campus/ipcore_dir/tmp/_cg/_bbx/chipscope_lib_v1_03_a/cs_bram_zq_pkg.vhd" sub00/vhpl82 1457545920
EN cs_gandx_srl_s6 NULL "//excelsior/uk$/kousley/Spring 2016/fpgas/Homework 5/FPGAs_Homework-master/FPGAs_Homework-master/Homework_5/Homework_5_campus/Homework_5_campus/ipcore_dir/tmp/_cg/_bbx/chipscope_lib_v1_03_a/cs_gandx_srl_s6.vhd" sub02/vhpl200 1457546038
EN cs_gand_srl_v7_rpm_unset NULL "//excelsior/uk$/kousley/Spring 2016/fpgas/Homework 5/FPGAs_Homework-master/FPGAs_Homework-master/Homework_5/Homework_5_campus/Homework_5_campus/ipcore_dir/tmp/_cg/_bbx/chipscope_lib_v1_03_a/cs_gand_srl_v7_rpm_unset.vhd" sub01/vhpl111 1457545949
EN cs_mux4096 NULL "//excelsior/uk$/kousley/Spring 2016/fpgas/Homework 5/FPGAs_Homework-master/FPGAs_Homework-master/Homework_5/Homework_5_campus/Homework_5_campus/ipcore_dir/tmp/_cg/_bbx/chipscope_lib_v1_03_a/cs_mux4096.vhd" sub00/vhpl29 1457545878
AR cs_bscan_tap rtl "//excelsior/uk$/kousley/Spring 2016/fpgas/Homework 5/FPGAs_Homework-master/FPGAs_Homework-master/Homework_5/Homework_5_campus/Homework_5_campus/ipcore_dir/tmp/_cg/_bbx/chipscope_lib_v1_03_a/cs_bscan_tap.vhd" sub00/vhpl41 1457545515
AR cs_gand_srl_k7_rpm_set structural "//excelsior/uk$/kousley/Spring 2016/fpgas/Homework 5/FPGAs_Homework-master/FPGAs_Homework-master/Homework_5/Homework_5_campus/Homework_5_campus/ipcore_dir/tmp/_cg/_bbx/chipscope_lib_v1_03_a/cs_gand_srl_k7_rpm_set.vhd" sub01/vhpl110 1457545948
AR cs_bram_cascade_v6 syn "//excelsior/uk$/kousley/Spring 2016/fpgas/Homework 5/FPGAs_Homework-master/FPGAs_Homework-master/Homework_5/Homework_5_campus/Homework_5_campus/ipcore_dir/tmp/_cg/_bbx/chipscope_lib_v1_03_a/cs_bram_cascade_v6.vhd" sub02/vhpl217 1457546057
PH cs_bram_v7_pkg NULL "//excelsior/uk$/kousley/Spring 2016/fpgas/Homework 5/FPGAs_Homework-master/FPGAs_Homework-master/Homework_5/Homework_5_campus/Homework_5_campus/ipcore_dir/tmp/_cg/_bbx/chipscope_lib_v1_03_a/cs_bram_v7_pkg.vhd" sub00/vhpl85 1457545923
EN cs_gandx_srl_v5 NULL "//excelsior/uk$/kousley/Spring 2016/fpgas/Homework 5/FPGAs_Homework-master/FPGAs_Homework-master/Homework_5/Homework_5_campus/Homework_5_campus/ipcore_dir/tmp/_cg/_bbx/chipscope_lib_v1_03_a/cs_gandx_srl_v5.vhd" sub01/vhpl192 1457546030
EN cs_gandx_srl_v6 NULL "//excelsior/uk$/kousley/Spring 2016/fpgas/Homework 5/FPGAs_Homework-master/FPGAs_Homework-master/Homework_5/Homework_5_campus/Homework_5_campus/ipcore_dir/tmp/_cg/_bbx/chipscope_lib_v1_03_a/cs_gandx_srl_v6.vhd" sub01/vhpl194 1457546032
EN cs_gandx_srl_v7 NULL "//excelsior/uk$/kousley/Spring 2016/fpgas/Homework 5/FPGAs_Homework-master/FPGAs_Homework-master/Homework_5/Homework_5_campus/Homework_5_campus/ipcore_dir/tmp/_cg/_bbx/chipscope_lib_v1_03_a/cs_gandx_srl_v7.vhd" sub01/vhpl196 1457546034
AR cs_bram_simple_zq_ramb36 virtex "//excelsior/uk$/kousley/Spring 2016/fpgas/Homework 5/FPGAs_Homework-master/FPGAs_Homework-master/Homework_5/Homework_5_campus/Homework_5_campus/ipcore_dir/tmp/_cg/_bbx/chipscope_lib_v1_03_a/cs_bram_simple_zq_ramb36.vhd" sub01/vhpl124 1457545962
AR cs_gand_srl_zq structural "//excelsior/uk$/kousley/Spring 2016/fpgas/Homework 5/FPGAs_Homework-master/FPGAs_Homework-master/Homework_5/Homework_5_campus/Homework_5_campus/ipcore_dir/tmp/_cg/_bbx/chipscope_lib_v1_03_a/cs_gand_srl_zq.vhd" sub01/vhpl152 1457545990
AR cs_gandx_srl_a7 structural "//excelsior/uk$/kousley/Spring 2016/fpgas/Homework 5/FPGAs_Homework-master/FPGAs_Homework-master/Homework_5/Homework_5_campus/Homework_5_campus/ipcore_dir/tmp/_cg/_bbx/chipscope_lib_v1_03_a/cs_gandx_srl_a7.vhd" sub02/vhpl205 1457546043
AR cs_gand_srl_v6_slice structural "//excelsior/uk$/kousley/Spring 2016/fpgas/Homework 5/FPGAs_Homework-master/FPGAs_Homework-master/Homework_5/Homework_5_campus/Homework_5_campus/ipcore_dir/tmp/_cg/_bbx/chipscope_lib_v1_03_a/cs_gand_srl_v6_slice.vhd" sub00/vhpl76 1457545914
EN cs_bram_cascade_a7 NULL "//excelsior/uk$/kousley/Spring 2016/fpgas/Homework 5/FPGAs_Homework-master/FPGAs_Homework-master/Homework_5/Homework_5_campus/Homework_5_campus/ipcore_dir/tmp/_cg/_bbx/chipscope_lib_v1_03_a/cs_bram_cascade_a7.vhd" sub02/vhpl224 1457546064
EN cs_gand_srl_v5_rpm_set NULL "//excelsior/uk$/kousley/Spring 2016/fpgas/Homework 5/FPGAs_Homework-master/FPGAs_Homework-master/Homework_5/Homework_5_campus/Homework_5_campus/ipcore_dir/tmp/_cg/_bbx/chipscope_lib_v1_03_a/cs_gand_srl_v5_rpm_set.vhd" sub01/vhpl117 1457545955
AR cs_bram_simple_a7_ramb18 syn "//excelsior/uk$/kousley/Spring 2016/fpgas/Homework 5/FPGAs_Homework-master/FPGAs_Homework-master/Homework_5/Homework_5_campus/Homework_5_campus/ipcore_dir/tmp/_cg/_bbx/chipscope_lib_v1_03_a/cs_bram_simple_a7_ramb18.vhd" sub01/vhpl122 1457545960
EN async_decoder NULL "//excelsior/uk$/kousley/Spring 2016/fpgas/Homework 5/FPGAs_Homework-master/FPGAs_Homework-master/Homework_5/Homework_5_campus/Homework_5_campus/ipcore_dir/tmp/_cg/_bbx/chipscope_lib_v1_03_a/async_decoder.vhd" sub00/vhpl42 1457546068
EN cs_bram_simple_s6_ramb18 NULL "//excelsior/uk$/kousley/Spring 2016/fpgas/Homework 5/FPGAs_Homework-master/FPGAs_Homework-master/Homework_5/Homework_5_campus/Homework_5_campus/ipcore_dir/tmp/_cg/_bbx/chipscope_lib_v1_03_a/cs_bram_simple_s6_ramb18.vhd" sub01/vhpl139 1457545977
EN cs_mux2 NULL "//excelsior/uk$/kousley/Spring 2016/fpgas/Homework 5/FPGAs_Homework-master/FPGAs_Homework-master/Homework_5/Homework_5_campus/Homework_5_campus/ipcore_dir/tmp/_cg/_bbx/chipscope_lib_v1_03_a/cs_mux2.vhd" sub00/vhpl07 1457545856
AR async_decoder virtex "//excelsior/uk$/kousley/Spring 2016/fpgas/Homework 5/FPGAs_Homework-master/FPGAs_Homework-master/Homework_5/Homework_5_campus/Homework_5_campus/ipcore_dir/tmp/_cg/_bbx/chipscope_lib_v1_03_a/async_decoder.vhd" sub00/vhpl43 1457546069
EN cs_gand_srl_v7_slice NULL "//excelsior/uk$/kousley/Spring 2016/fpgas/Homework 5/FPGAs_Homework-master/FPGAs_Homework-master/Homework_5/Homework_5_campus/Homework_5_campus/ipcore_dir/tmp/_cg/_bbx/chipscope_lib_v1_03_a/cs_gand_srl_v7_slice.vhd" sub00/vhpl71 1457545909
EN cs_mux4 NULL "//excelsior/uk$/kousley/Spring 2016/fpgas/Homework 5/FPGAs_Homework-master/FPGAs_Homework-master/Homework_5/Homework_5_campus/Homework_5_campus/ipcore_dir/tmp/_cg/_bbx/chipscope_lib_v1_03_a/cs_mux4.vhd" sub00/vhpl09 1457545858
AR zpcounter virtex "//excelsior/uk$/kousley/Spring 2016/fpgas/Homework 5/FPGAs_Homework-master/FPGAs_Homework-master/Homework_5/Homework_5_campus/Homework_5_campus/ipcore_dir/tmp/_cg/_bbx/chipscope_lib_v1_03_a/zpcounter.vhd" sub02/vhpl239 1457546081
EN cs_mux8 NULL "//excelsior/uk$/kousley/Spring 2016/fpgas/Homework 5/FPGAs_Homework-master/FPGAs_Homework-master/Homework_5/Homework_5_campus/Homework_5_campus/ipcore_dir/tmp/_cg/_bbx/chipscope_lib_v1_03_a/cs_mux8.vhd" sub00/vhpl11 1457545860
EN cs_gand_srl_s6_set NULL "//excelsior/uk$/kousley/Spring 2016/fpgas/Homework 5/FPGAs_Homework-master/FPGAs_Homework-master/Homework_5/Homework_5_campus/Homework_5_campus/ipcore_dir/tmp/_cg/_bbx/chipscope_lib_v1_03_a/cs_gand_srl_s6_set.vhd" sub01/vhpl103 1457545941
AR cs_bram_simple_s6_ramb9 syn "//excelsior/uk$/kousley/Spring 2016/fpgas/Homework 5/FPGAs_Homework-master/FPGAs_Homework-master/Homework_5/Homework_5_campus/Homework_5_campus/ipcore_dir/tmp/_cg/_bbx/chipscope_lib_v1_03_a/cs_bram_simple_s6_ramb9.vhd" sub01/vhpl142 1457545980
AR cs_mux64 syn "//excelsior/uk$/kousley/Spring 2016/fpgas/Homework 5/FPGAs_Homework-master/FPGAs_Homework-master/Homework_5/Homework_5_campus/Homework_5_campus/ipcore_dir/tmp/_cg/_bbx/chipscope_lib_v1_03_a/cs_mux64.vhd" sub00/vhpl18 1457545867
EN cs_gand_srl_k7_rpm_unset NULL "//excelsior/uk$/kousley/Spring 2016/fpgas/Homework 5/FPGAs_Homework-master/FPGAs_Homework-master/Homework_5/Homework_5_campus/Homework_5_campus/ipcore_dir/tmp/_cg/_bbx/chipscope_lib_v1_03_a/cs_gand_srl_k7_rpm_unset.vhd" sub01/vhpl107 1457545945
AR cs_lut5 virtex "//excelsior/uk$/kousley/Spring 2016/fpgas/Homework 5/FPGAs_Homework-master/FPGAs_Homework-master/Homework_5/Homework_5_campus/Homework_5_campus/ipcore_dir/tmp/_cg/_bbx/chipscope_lib_v1_03_a/cs_lut5.vhd" sub01/vhpl164 1457546002
EN cs_gand_srl_zq_slice NULL "//excelsior/uk$/kousley/Spring 2016/fpgas/Homework 5/FPGAs_Homework-master/FPGAs_Homework-master/Homework_5/Homework_5_campus/Homework_5_campus/ipcore_dir/tmp/_cg/_bbx/chipscope_lib_v1_03_a/cs_gand_srl_zq_slice.vhd" sub00/vhpl59 1457545897
AR cs_gand_srl_s6_slice structural "//excelsior/uk$/kousley/Spring 2016/fpgas/Homework 5/FPGAs_Homework-master/FPGAs_Homework-master/Homework_5/Homework_5_campus/Homework_5_campus/ipcore_dir/tmp/_cg/_bbx/chipscope_lib_v1_03_a/cs_gand_srl_s6_slice.vhd" sub00/vhpl64 1457545902
AR cs_gandx_srl_v7 structural "//excelsior/uk$/kousley/Spring 2016/fpgas/Homework 5/FPGAs_Homework-master/FPGAs_Homework-master/Homework_5/Homework_5_campus/Homework_5_campus/ipcore_dir/tmp/_cg/_bbx/chipscope_lib_v1_03_a/cs_gandx_srl_v7.vhd" sub01/vhpl197 1457546035
AR cs_bram_simple_a7_ramb36 virtex "//excelsior/uk$/kousley/Spring 2016/fpgas/Homework 5/FPGAs_Homework-master/FPGAs_Homework-master/Homework_5/Homework_5_campus/Homework_5_campus/ipcore_dir/tmp/_cg/_bbx/chipscope_lib_v1_03_a/cs_bram_simple_a7_ramb36.vhd" sub01/vhpl120 1457545958
AR cs_gand_srl_k7 structural "//excelsior/uk$/kousley/Spring 2016/fpgas/Homework 5/FPGAs_Homework-master/FPGAs_Homework-master/Homework_5/Homework_5_campus/Homework_5_campus/ipcore_dir/tmp/_cg/_bbx/chipscope_lib_v1_03_a/cs_gand_srl_k7.vhd" sub01/vhpl156 1457545994
AR cs_bram_simple_v7 syn "//excelsior/uk$/kousley/Spring 2016/fpgas/Homework 5/FPGAs_Homework-master/FPGAs_Homework-master/Homework_5/Homework_5_campus/Homework_5_campus/ipcore_dir/tmp/_cg/_bbx/chipscope_lib_v1_03_a/cs_bram_simple_v7.vhd" sub01/vhpl174 1457546012
PB cs_bram_a7_pkg cs_bram_a7_pkg "//excelsior/uk$/kousley/Spring 2016/fpgas/Homework 5/FPGAs_Homework-master/FPGAs_Homework-master/Homework_5/Homework_5_campus/Homework_5_campus/ipcore_dir/tmp/_cg/_bbx/chipscope_lib_v1_03_a/cs_bram_a7_pkg.vhd" sub00/vhpl80 1457545918
EN cs_mux16 NULL "//excelsior/uk$/kousley/Spring 2016/fpgas/Homework 5/FPGAs_Homework-master/FPGAs_Homework-master/Homework_5/Homework_5_campus/Homework_5_campus/ipcore_dir/tmp/_cg/_bbx/chipscope_lib_v1_03_a/cs_mux16.vhd" sub00/vhpl13 1457545862
AR cs_mux16 syn "//excelsior/uk$/kousley/Spring 2016/fpgas/Homework 5/FPGAs_Homework-master/FPGAs_Homework-master/Homework_5/Homework_5_campus/Homework_5_campus/ipcore_dir/tmp/_cg/_bbx/chipscope_lib_v1_03_a/cs_mux16.vhd" sub00/vhpl14 1457545863
AR xsrl16 virtex "//excelsior/uk$/kousley/Spring 2016/fpgas/Homework 5/FPGAs_Homework-master/FPGAs_Homework-master/Homework_5/Homework_5_campus/Homework_5_campus/ipcore_dir/tmp/_cg/_bbx/chipscope_lib_v1_03_a/xsrl16.vhd" sub01/vhpl189 1457546027
PH cs_bitvec_pkg NULL "//excelsior/uk$/kousley/Spring 2016/fpgas/Homework 5/FPGAs_Homework-master/FPGAs_Homework-master/Homework_5/Homework_5_campus/Homework_5_campus/ipcore_dir/tmp/_cg/_bbx/chipscope_lib_v1_03_a/cs_bitvec_pkg.vhd" sub02/vhpl206 1457546044
AR cs_bram_simple_v7_ramb18 syn "//excelsior/uk$/kousley/Spring 2016/fpgas/Homework 5/FPGAs_Homework-master/FPGAs_Homework-master/Homework_5/Homework_5_campus/Homework_5_campus/ipcore_dir/tmp/_cg/_bbx/chipscope_lib_v1_03_a/cs_bram_simple_v7_ramb18.vhd" sub01/vhpl134 1457545972
AR cs_gand_srl_zq_rpm_unset structural "//excelsior/uk$/kousley/Spring 2016/fpgas/Homework 5/FPGAs_Homework-master/FPGAs_Homework-master/Homework_5/Homework_5_campus/Homework_5_campus/ipcore_dir/tmp/_cg/_bbx/chipscope_lib_v1_03_a/cs_gand_srl_zq_rpm_unset.vhd" sub01/vhpl100 1457545938
PB cs_gand_srl_pkg cs_gand_srl_pkg "//excelsior/uk$/kousley/Spring 2016/fpgas/Homework 5/FPGAs_Homework-master/FPGAs_Homework-master/Homework_5/Homework_5_campus/Homework_5_campus/ipcore_dir/tmp/_cg/_bbx/chipscope_lib_v1_03_a/cs_gand_srl_pkg.vhd" sub00/vhpl49 1457545887
AR cs_mux2 syn "//excelsior/uk$/kousley/Spring 2016/fpgas/Homework 5/FPGAs_Homework-master/FPGAs_Homework-master/Homework_5/Homework_5_campus/Homework_5_campus/ipcore_dir/tmp/_cg/_bbx/chipscope_lib_v1_03_a/cs_mux2.vhd" sub00/vhpl08 1457545857
EN cs_mux32 NULL "//excelsior/uk$/kousley/Spring 2016/fpgas/Homework 5/FPGAs_Homework-master/FPGAs_Homework-master/Homework_5/Homework_5_campus/Homework_5_campus/ipcore_dir/tmp/_cg/_bbx/chipscope_lib_v1_03_a/cs_mux32.vhd" sub00/vhpl15 1457545864
AR gor virtex "//excelsior/uk$/kousley/Spring 2016/fpgas/Homework 5/FPGAs_Homework-master/FPGAs_Homework-master/Homework_5/Homework_5_campus/Homework_5_campus/ipcore_dir/tmp/_cg/_bbx/chipscope_lib_v1_03_a/gor.vhd" sub02/vhpl229 1457546071
EN gor NULL "//excelsior/uk$/kousley/Spring 2016/fpgas/Homework 5/FPGAs_Homework-master/FPGAs_Homework-master/Homework_5/Homework_5_campus/Homework_5_campus/ipcore_dir/tmp/_cg/_bbx/chipscope_lib_v1_03_a/gor.vhd" sub02/vhpl228 1457546070
AR cs_bram_simple_v5 virtex "//excelsior/uk$/kousley/Spring 2016/fpgas/Homework 5/FPGAs_Homework-master/FPGAs_Homework-master/Homework_5/Homework_5_campus/Homework_5_campus/ipcore_dir/tmp/_cg/_bbx/chipscope_lib_v1_03_a/cs_bram_simple_v5.vhd" sub01/vhpl187 1457546025
EN cs_bram_cascade_k7 NULL "//excelsior/uk$/kousley/Spring 2016/fpgas/Homework 5/FPGAs_Homework-master/FPGAs_Homework-master/Homework_5/Homework_5_campus/Homework_5_campus/ipcore_dir/tmp/_cg/_bbx/chipscope_lib_v1_03_a/cs_bram_cascade_k7.vhd" sub02/vhpl220 1457546060
AR cs_mux512 syn "//excelsior/uk$/kousley/Spring 2016/fpgas/Homework 5/FPGAs_Homework-master/FPGAs_Homework-master/Homework_5/Homework_5_campus/Homework_5_campus/ipcore_dir/tmp/_cg/_bbx/chipscope_lib_v1_03_a/cs_mux512.vhd" sub00/vhpl24 1457545873
AR cs_mux128 syn "//excelsior/uk$/kousley/Spring 2016/fpgas/Homework 5/FPGAs_Homework-master/FPGAs_Homework-master/Homework_5/Homework_5_campus/Homework_5_campus/ipcore_dir/tmp/_cg/_bbx/chipscope_lib_v1_03_a/cs_mux128.vhd" sub00/vhpl20 1457545869
EN cs_mux64 NULL "//excelsior/uk$/kousley/Spring 2016/fpgas/Homework 5/FPGAs_Homework-master/FPGAs_Homework-master/Homework_5/Homework_5_campus/Homework_5_campus/ipcore_dir/tmp/_cg/_bbx/chipscope_lib_v1_03_a/cs_mux64.vhd" sub00/vhpl17 1457545866
AR cs_bram_simple_v6_ramb36 virtex "//excelsior/uk$/kousley/Spring 2016/fpgas/Homework 5/FPGAs_Homework-master/FPGAs_Homework-master/Homework_5/Homework_5_campus/Homework_5_campus/ipcore_dir/tmp/_cg/_bbx/chipscope_lib_v1_03_a/cs_bram_simple_v6_ramb36.vhd" sub01/vhpl136 1457545974
PB cs_bram_v6_pkg cs_bram_v6_pkg "//excelsior/uk$/kousley/Spring 2016/fpgas/Homework 5/FPGAs_Homework-master/FPGAs_Homework-master/Homework_5/Homework_5_campus/Homework_5_campus/ipcore_dir/tmp/_cg/_bbx/chipscope_lib_v1_03_a/cs_bram_v6_pkg.vhd" sub00/vhpl88 1457545926
AR xsrlc16e syn "//excelsior/uk$/kousley/Spring 2016/fpgas/Homework 5/FPGAs_Homework-master/FPGAs_Homework-master/Homework_5/Homework_5_campus/Homework_5_campus/ipcore_dir/tmp/_cg/_bbx/chipscope_lib_v1_03_a/xsrlc16e.vhd" sub00/vhpl47 1457545885
EN cs_gandx_srl_zq NULL "//excelsior/uk$/kousley/Spring 2016/fpgas/Homework 5/FPGAs_Homework-master/FPGAs_Homework-master/Homework_5/Homework_5_campus/Homework_5_campus/ipcore_dir/tmp/_cg/_bbx/chipscope_lib_v1_03_a/cs_gandx_srl_zq.vhd" sub02/vhpl202 1457546040
EN cs_gand_srl_v6_rpm_set NULL "//excelsior/uk$/kousley/Spring 2016/fpgas/Homework 5/FPGAs_Homework-master/FPGAs_Homework-master/Homework_5/Homework_5_campus/Homework_5_campus/ipcore_dir/tmp/_cg/_bbx/chipscope_lib_v1_03_a/cs_gand_srl_v6_rpm_set.vhd" sub01/vhpl115 1457545953
AR cs_bram_cascade_k7 syn "//excelsior/uk$/kousley/Spring 2016/fpgas/Homework 5/FPGAs_Homework-master/FPGAs_Homework-master/Homework_5/Homework_5_campus/Homework_5_campus/ipcore_dir/tmp/_cg/_bbx/chipscope_lib_v1_03_a/cs_bram_cascade_k7.vhd" sub02/vhpl221 1457546061
AR cs_mux256 syn "//excelsior/uk$/kousley/Spring 2016/fpgas/Homework 5/FPGAs_Homework-master/FPGAs_Homework-master/Homework_5/Homework_5_campus/Homework_5_campus/ipcore_dir/tmp/_cg/_bbx/chipscope_lib_v1_03_a/cs_mux256.vhd" sub00/vhpl22 1457545871
AR cs_gand_srl_v7_slice structural "//excelsior/uk$/kousley/Spring 2016/fpgas/Homework 5/FPGAs_Homework-master/FPGAs_Homework-master/Homework_5/Homework_5_campus/Homework_5_campus/ipcore_dir/tmp/_cg/_bbx/chipscope_lib_v1_03_a/cs_gand_srl_v7_slice.vhd" sub00/vhpl72 1457545910
EN cs_gand_srl_zq_rpm_set NULL "//excelsior/uk$/kousley/Spring 2016/fpgas/Homework 5/FPGAs_Homework-master/FPGAs_Homework-master/Homework_5/Homework_5_campus/Homework_5_campus/ipcore_dir/tmp/_cg/_bbx/chipscope_lib_v1_03_a/cs_gand_srl_zq_rpm_set.vhd" sub01/vhpl101 1457545939
EN cs_mux NULL "//excelsior/uk$/kousley/Spring 2016/fpgas/Homework 5/FPGAs_Homework-master/FPGAs_Homework-master/Homework_5/Homework_5_campus/Homework_5_campus/ipcore_dir/tmp/_cg/_bbx/chipscope_lib_v1_03_a/cs_mux.vhd" sub00/vhpl36 1457545882
AR cs_gand_srl_v5 structural "//excelsior/uk$/kousley/Spring 2016/fpgas/Homework 5/FPGAs_Homework-master/FPGAs_Homework-master/Homework_5/Homework_5_campus/Homework_5_campus/ipcore_dir/tmp/_cg/_bbx/chipscope_lib_v1_03_a/cs_gand_srl_v5.vhd" sub01/vhpl162 1457546000
AR cs_cfglut8 virtex "//excelsior/uk$/kousley/Spring 2016/fpgas/Homework 5/FPGAs_Homework-master/FPGAs_Homework-master/Homework_5/Homework_5_campus/Homework_5_campus/ipcore_dir/tmp/_cg/_bbx/chipscope_lib_v1_03_a/cs_cfglut8.vhd" sub02/vhpl251 1457546095
AR cs_bus_mux2 syn "//excelsior/uk$/kousley/Spring 2016/fpgas/Homework 5/FPGAs_Homework-master/FPGAs_Homework-master/Homework_5/Homework_5_campus/Homework_5_campus/ipcore_dir/tmp/_cg/_bbx/chipscope_lib_v1_03_a/cs_bus_mux2.vhd" sub01/vhpl181 1457546019
EN programmable_delay NULL "//excelsior/uk$/kousley/Spring 2016/fpgas/Homework 5/FPGAs_Homework-master/FPGAs_Homework-master/Homework_5/Homework_5_campus/Homework_5_campus/ipcore_dir/tmp/_cg/_bbx/chipscope_lib_v1_03_a/programmable_delay.vhd" sub02/vhpl256 1457546100
EN cs_bram_cascade_s6 NULL "//excelsior/uk$/kousley/Spring 2016/fpgas/Homework 5/FPGAs_Homework-master/FPGAs_Homework-master/Homework_5/Homework_5_campus/Homework_5_campus/ipcore_dir/tmp/_cg/_bbx/chipscope_lib_v1_03_a/cs_bram_cascade_s6.vhd" sub02/vhpl214 1457546054
EN cs_mux2048 NULL "//excelsior/uk$/kousley/Spring 2016/fpgas/Homework 5/FPGAs_Homework-master/FPGAs_Homework-master/Homework_5/Homework_5_campus/Homework_5_campus/ipcore_dir/tmp/_cg/_bbx/chipscope_lib_v1_03_a/cs_mux2048.vhd" sub00/vhpl27 1457545876
PH cs_math_pkg NULL "//excelsior/uk$/kousley/Spring 2016/fpgas/Homework 5/FPGAs_Homework-master/FPGAs_Homework-master/Homework_5/Homework_5_campus/Homework_5_campus/ipcore_dir/tmp/_cg/_bbx/chipscope_lib_v1_03_a/cs_math_pkg.vhd" sub00/vhpl50 1457545888
AR cs_register virtex "//excelsior/uk$/kousley/Spring 2016/fpgas/Homework 5/FPGAs_Homework-master/FPGAs_Homework-master/Homework_5/Homework_5_campus/Homework_5_campus/ipcore_dir/tmp/_cg/_bbx/chipscope_lib_v1_03_a/cs_register.vhd" sub01/vhpl168 1457546006
PH cs_bram_s6_pkg NULL "//excelsior/uk$/kousley/Spring 2016/fpgas/Homework 5/FPGAs_Homework-master/FPGAs_Homework-master/Homework_5/Homework_5_campus/Homework_5_campus/ipcore_dir/tmp/_cg/_bbx/chipscope_lib_v1_03_a/cs_bram_s6_pkg.vhd" sub00/vhpl89 1457545927
AR cs_bram_simple_v5_ramb16 virtex "//excelsior/uk$/kousley/Spring 2016/fpgas/Homework 5/FPGAs_Homework-master/FPGAs_Homework-master/Homework_5/Homework_5_campus/Homework_5_campus/ipcore_dir/tmp/_cg/_bbx/chipscope_lib_v1_03_a/cs_bram_simple_v5_ramb16.vhd" sub01/vhpl146 1457545984
EN cs_bram_cascade_v5 NULL "//excelsior/uk$/kousley/Spring 2016/fpgas/Homework 5/FPGAs_Homework-master/FPGAs_Homework-master/Homework_5/Homework_5_campus/Homework_5_campus/ipcore_dir/tmp/_cg/_bbx/chipscope_lib_v1_03_a/cs_bram_cascade_v5.vhd" sub02/vhpl212 1457546052
PH cs_bram_a7_pkg NULL "//excelsior/uk$/kousley/Spring 2016/fpgas/Homework 5/FPGAs_Homework-master/FPGAs_Homework-master/Homework_5/Homework_5_campus/Homework_5_campus/ipcore_dir/tmp/_cg/_bbx/chipscope_lib_v1_03_a/cs_bram_a7_pkg.vhd" sub00/vhpl79 1457545917
EN cs_bram_cascade_v6 NULL "//excelsior/uk$/kousley/Spring 2016/fpgas/Homework 5/FPGAs_Homework-master/FPGAs_Homework-master/Homework_5/Homework_5_campus/Homework_5_campus/ipcore_dir/tmp/_cg/_bbx/chipscope_lib_v1_03_a/cs_bram_cascade_v6.vhd" sub02/vhpl216 1457546056
EN cs_bram_cascade_v7 NULL "//excelsior/uk$/kousley/Spring 2016/fpgas/Homework 5/FPGAs_Homework-master/FPGAs_Homework-master/Homework_5/Homework_5_campus/Homework_5_campus/ipcore_dir/tmp/_cg/_bbx/chipscope_lib_v1_03_a/cs_bram_cascade_v7.vhd" sub02/vhpl218 1457546058
PB cs_math_pkg cs_math_pkg "//excelsior/uk$/kousley/Spring 2016/fpgas/Homework 5/FPGAs_Homework-master/FPGAs_Homework-master/Homework_5/Homework_5_campus/Homework_5_campus/ipcore_dir/tmp/_cg/_bbx/chipscope_lib_v1_03_a/cs_math_pkg.vhd" sub00/vhpl51 1457545889
EN cs_bram_simple_a7 NULL "//excelsior/uk$/kousley/Spring 2016/fpgas/Homework 5/FPGAs_Homework-master/FPGAs_Homework-master/Homework_5/Homework_5_campus/Homework_5_campus/ipcore_dir/tmp/_cg/_bbx/chipscope_lib_v1_03_a/cs_bram_simple_a7.vhd" sub01/vhpl165 1457546003
EN cs_mux8192 NULL "//excelsior/uk$/kousley/Spring 2016/fpgas/Homework 5/FPGAs_Homework-master/FPGAs_Homework-master/Homework_5/Homework_5_campus/Homework_5_campus/ipcore_dir/tmp/_cg/_bbx/chipscope_lib_v1_03_a/cs_mux8192.vhd" sub00/vhpl31 1457545880
AR zcounter virtex "//excelsior/uk$/kousley/Spring 2016/fpgas/Homework 5/FPGAs_Homework-master/FPGAs_Homework-master/Homework_5/Homework_5_campus/Homework_5_campus/ipcore_dir/tmp/_cg/_bbx/chipscope_lib_v1_03_a/zcounter.vhd" sub02/vhpl253 1457546097
PH cs_bram_zq_pkg NULL "//excelsior/uk$/kousley/Spring 2016/fpgas/Homework 5/FPGAs_Homework-master/FPGAs_Homework-master/Homework_5/Homework_5_campus/Homework_5_campus/ipcore_dir/tmp/_cg/_bbx/chipscope_lib_v1_03_a/cs_bram_zq_pkg.vhd" sub00/vhpl81 1457545919
PH cs_bram_pkg NULL "//excelsior/uk$/kousley/Spring 2016/fpgas/Homework 5/FPGAs_Homework-master/FPGAs_Homework-master/Homework_5/Homework_5_campus/Homework_5_campus/ipcore_dir/tmp/_cg/_bbx/chipscope_lib_v1_03_a/cs_bram_pkg.vhd" sub02/vhpl210 1457546050
AR cs_jtag_tapctl rtl "//excelsior/uk$/kousley/Spring 2016/fpgas/Homework 5/FPGAs_Homework-master/FPGAs_Homework-master/Homework_5/Homework_5_campus/Homework_5_campus/ipcore_dir/tmp/_cg/_bbx/chipscope_lib_v1_03_a/cs_jtag_tapctl.vhd" sub00/vhpl04 1457545478
AR cs_mux4 syn "//excelsior/uk$/kousley/Spring 2016/fpgas/Homework 5/FPGAs_Homework-master/FPGAs_Homework-master/Homework_5/Homework_5_campus/Homework_5_campus/ipcore_dir/tmp/_cg/_bbx/chipscope_lib_v1_03_a/cs_mux4.vhd" sub00/vhpl10 1457545859
AR cs_gandx_srl_s6 structural "//excelsior/uk$/kousley/Spring 2016/fpgas/Homework 5/FPGAs_Homework-master/FPGAs_Homework-master/Homework_5/Homework_5_campus/Homework_5_campus/ipcore_dir/tmp/_cg/_bbx/chipscope_lib_v1_03_a/cs_gandx_srl_s6.vhd" sub02/vhpl201 1457546039
EN cs_gand_srl_a7_rpm_unset NULL "//excelsior/uk$/kousley/Spring 2016/fpgas/Homework 5/FPGAs_Homework-master/FPGAs_Homework-master/Homework_5/Homework_5_campus/Homework_5_campus/ipcore_dir/tmp/_cg/_bbx/chipscope_lib_v1_03_a/cs_gand_srl_a7_rpm_unset.vhd" sub00/vhpl95 1457545933
AR cs_gand_srl_a7_rpm_unset structural "//excelsior/uk$/kousley/Spring 2016/fpgas/Homework 5/FPGAs_Homework-master/FPGAs_Homework-master/Homework_5/Homework_5_campus/Homework_5_campus/ipcore_dir/tmp/_cg/_bbx/chipscope_lib_v1_03_a/cs_gand_srl_a7_rpm_unset.vhd" sub00/vhpl96 1457545934
EN zcounter NULL "//excelsior/uk$/kousley/Spring 2016/fpgas/Homework 5/FPGAs_Homework-master/FPGAs_Homework-master/Homework_5/Homework_5_campus/Homework_5_campus/ipcore_dir/tmp/_cg/_bbx/chipscope_lib_v1_03_a/zcounter.vhd" sub02/vhpl252 1457546096
AR cs_bram_simple_s6_ramb18 syn "//excelsior/uk$/kousley/Spring 2016/fpgas/Homework 5/FPGAs_Homework-master/FPGAs_Homework-master/Homework_5/Homework_5_campus/Homework_5_campus/ipcore_dir/tmp/_cg/_bbx/chipscope_lib_v1_03_a/cs_bram_simple_s6_ramb18.vhd" sub01/vhpl140 1457545978
AR cs_bram_cascade_v5 syn "//excelsior/uk$/kousley/Spring 2016/fpgas/Homework 5/FPGAs_Homework-master/FPGAs_Homework-master/Homework_5/Homework_5_campus/Homework_5_campus/ipcore_dir/tmp/_cg/_bbx/chipscope_lib_v1_03_a/cs_bram_cascade_v5.vhd" sub02/vhpl213 1457546053
EN cs_gand_srl_s6_slice NULL "//excelsior/uk$/kousley/Spring 2016/fpgas/Homework 5/FPGAs_Homework-master/FPGAs_Homework-master/Homework_5/Homework_5_campus/Homework_5_campus/ipcore_dir/tmp/_cg/_bbx/chipscope_lib_v1_03_a/cs_gand_srl_s6_slice.vhd" sub00/vhpl63 1457545901
PH cs_bram_v6_pkg NULL "//excelsior/uk$/kousley/Spring 2016/fpgas/Homework 5/FPGAs_Homework-master/FPGAs_Homework-master/Homework_5/Homework_5_campus/Homework_5_campus/ipcore_dir/tmp/_cg/_bbx/chipscope_lib_v1_03_a/cs_bram_v6_pkg.vhd" sub00/vhpl87 1457545925
EN cs_gand_srl_v7_rpm_set NULL "//excelsior/uk$/kousley/Spring 2016/fpgas/Homework 5/FPGAs_Homework-master/FPGAs_Homework-master/Homework_5/Homework_5_campus/Homework_5_campus/ipcore_dir/tmp/_cg/_bbx/chipscope_lib_v1_03_a/cs_gand_srl_v7_rpm_set.vhd" sub01/vhpl113 1457545951
EN async_mux NULL "//excelsior/uk$/kousley/Spring 2016/fpgas/Homework 5/FPGAs_Homework-master/FPGAs_Homework-master/Homework_5/Homework_5_campus/Homework_5_campus/ipcore_dir/tmp/_cg/_bbx/chipscope_lib_v1_03_a/async_mux.vhd" sub00/vhpl38 1457546082
EN cs_jtag_tapctl NULL "//excelsior/uk$/kousley/Spring 2016/fpgas/Homework 5/FPGAs_Homework-master/FPGAs_Homework-master/Homework_5/Homework_5_campus/Homework_5_campus/ipcore_dir/tmp/_cg/_bbx/chipscope_lib_v1_03_a/cs_jtag_tapctl.vhd" sub00/vhpl03 1457545477
AR cs_gand_srl_v6 structural "//excelsior/uk$/kousley/Spring 2016/fpgas/Homework 5/FPGAs_Homework-master/FPGAs_Homework-master/Homework_5/Homework_5_campus/Homework_5_campus/ipcore_dir/tmp/_cg/_bbx/chipscope_lib_v1_03_a/cs_gand_srl_v6.vhd" sub01/vhpl160 1457545998
AR cs_bram_simple_a7 syn "//excelsior/uk$/kousley/Spring 2016/fpgas/Homework 5/FPGAs_Homework-master/FPGAs_Homework-master/Homework_5/Homework_5_campus/Homework_5_campus/ipcore_dir/tmp/_cg/_bbx/chipscope_lib_v1_03_a/cs_bram_simple_a7.vhd" sub01/vhpl166 1457546004
EN cs_gand_srl_a7 NULL "//excelsior/uk$/kousley/Spring 2016/fpgas/Homework 5/FPGAs_Homework-master/FPGAs_Homework-master/Homework_5/Homework_5_campus/Homework_5_campus/ipcore_dir/tmp/_cg/_bbx/chipscope_lib_v1_03_a/cs_gand_srl_a7.vhd" sub01/vhpl149 1457545987
AR cs_cfglut7 virtex "//excelsior/uk$/kousley/Spring 2016/fpgas/Homework 5/FPGAs_Homework-master/FPGAs_Homework-master/Homework_5/Homework_5_campus/Homework_5_campus/ipcore_dir/tmp/_cg/_bbx/chipscope_lib_v1_03_a/cs_cfglut7.vhd" sub01/vhpl191 1457546029
EN cs_bram_simple_v7_ramb18 NULL "//excelsior/uk$/kousley/Spring 2016/fpgas/Homework 5/FPGAs_Homework-master/FPGAs_Homework-master/Homework_5/Homework_5_campus/Homework_5_campus/ipcore_dir/tmp/_cg/_bbx/chipscope_lib_v1_03_a/cs_bram_simple_v7_ramb18.vhd" sub01/vhpl133 1457545971
PH cs_bscan_pkg NULL "//excelsior/uk$/kousley/Spring 2016/fpgas/Homework 5/FPGAs_Homework-master/FPGAs_Homework-master/Homework_5/Homework_5_campus/Homework_5_campus/ipcore_dir/tmp/_cg/_bbx/chipscope_lib_v1_03_a/cs_bscan_pkg.vhd" sub00/vhpl33 1457545507
AR cs_bram_simple_zq syn "//excelsior/uk$/kousley/Spring 2016/fpgas/Homework 5/FPGAs_Homework-master/FPGAs_Homework-master/Homework_5/Homework_5_campus/Homework_5_campus/ipcore_dir/tmp/_cg/_bbx/chipscope_lib_v1_03_a/cs_bram_simple_zq.vhd" sub01/vhpl170 1457546008
EN cs_bram_simple_v7_ramb36 NULL "//excelsior/uk$/kousley/Spring 2016/fpgas/Homework 5/FPGAs_Homework-master/FPGAs_Homework-master/Homework_5/Homework_5_campus/Homework_5_campus/ipcore_dir/tmp/_cg/_bbx/chipscope_lib_v1_03_a/cs_bram_simple_v7_ramb36.vhd" sub01/vhpl131 1457545969
AR cs_gand_srl_a7_slice_rpm_unset structural "//excelsior/uk$/kousley/Spring 2016/fpgas/Homework 5/FPGAs_Homework-master/FPGAs_Homework-master/Homework_5/Homework_5_campus/Homework_5_campus/ipcore_dir/tmp/_cg/_bbx/chipscope_lib_v1_03_a/cs_gand_srl_a7_slice_rpm_unset.vhd" sub00/vhpl58 1457545896
EN lzpcounter NULL "//excelsior/uk$/kousley/Spring 2016/fpgas/Homework 5/FPGAs_Homework-master/FPGAs_Homework-master/Homework_5/Homework_5_campus/Homework_5_campus/ipcore_dir/tmp/_cg/_bbx/chipscope_lib_v1_03_a/lzpcounter.vhd" sub02/vhpl234 1457546076
EN cs_bram_simple_k7 NULL "//excelsior/uk$/kousley/Spring 2016/fpgas/Homework 5/FPGAs_Homework-master/FPGAs_Homework-master/Homework_5/Homework_5_campus/Homework_5_campus/ipcore_dir/tmp/_cg/_bbx/chipscope_lib_v1_03_a/cs_bram_simple_k7.vhd" sub01/vhpl171 1457546009
AR cs_gand_srl_s6_slice_no_rpm structural "//excelsior/uk$/kousley/Spring 2016/fpgas/Homework 5/FPGAs_Homework-master/FPGAs_Homework-master/Homework_5/Homework_5_campus/Homework_5_campus/ipcore_dir/tmp/_cg/_bbx/chipscope_lib_v1_03_a/cs_gand_srl_s6_slice_no_rpm.vhd" sub00/vhpl66 1457545904
EN counter NULL "//excelsior/uk$/kousley/Spring 2016/fpgas/Homework 5/FPGAs_Homework-master/FPGAs_Homework-master/Homework_5/Homework_5_campus/Homework_5_campus/ipcore_dir/tmp/_cg/_bbx/chipscope_lib_v1_03_a/counter.vhd" sub00/vhpl44 1457546046
EN cs_mux128 NULL "//excelsior/uk$/kousley/Spring 2016/fpgas/Homework 5/FPGAs_Homework-master/FPGAs_Homework-master/Homework_5/Homework_5_campus/Homework_5_campus/ipcore_dir/tmp/_cg/_bbx/chipscope_lib_v1_03_a/cs_mux128.vhd" sub00/vhpl19 1457545868
EN cs_controlbus_xstworkaround NULL "//excelsior/uk$/kousley/Spring 2016/fpgas/Homework 5/FPGAs_Homework-master/FPGAs_Homework-master/Homework_5/Homework_5_campus/Homework_5_campus/ipcore_dir/tmp/_cg/_bbx/chipscope_lib_v1_03_a/cs_controlbus_xstworkaround.vhd" sub02/vhpl226 1457546066
AR cs_bram_simple_s6 virtex "//excelsior/uk$/kousley/Spring 2016/fpgas/Homework 5/FPGAs_Homework-master/FPGAs_Homework-master/Homework_5/Homework_5_campus/Homework_5_campus/ipcore_dir/tmp/_cg/_bbx/chipscope_lib_v1_03_a/cs_bram_simple_s6.vhd" sub01/vhpl179 1457546017
EN cs_bram_simple_k7_ramb18 NULL "//excelsior/uk$/kousley/Spring 2016/fpgas/Homework 5/FPGAs_Homework-master/FPGAs_Homework-master/Homework_5/Homework_5_campus/Homework_5_campus/ipcore_dir/tmp/_cg/_bbx/chipscope_lib_v1_03_a/cs_bram_simple_k7_ramb18.vhd" sub01/vhpl129 1457545967
AR cs_counter_modk virtex "//excelsior/uk$/kousley/Spring 2016/fpgas/Homework 5/FPGAs_Homework-master/FPGAs_Homework-master/Homework_5/Homework_5_campus/Homework_5_campus/ipcore_dir/tmp/_cg/_bbx/chipscope_lib_v1_03_a/cs_counter_modk.vhd" sub02/vhpl243 1457546087
AR cs_gand_srl_zq_slice structural "//excelsior/uk$/kousley/Spring 2016/fpgas/Homework 5/FPGAs_Homework-master/FPGAs_Homework-master/Homework_5/Homework_5_campus/Homework_5_campus/ipcore_dir/tmp/_cg/_bbx/chipscope_lib_v1_03_a/cs_gand_srl_zq_slice.vhd" sub00/vhpl60 1457545898
AR cs_bus_mux4 syn "//excelsior/uk$/kousley/Spring 2016/fpgas/Homework 5/FPGAs_Homework-master/FPGAs_Homework-master/Homework_5/Homework_5_campus/Homework_5_campus/ipcore_dir/tmp/_cg/_bbx/chipscope_lib_v1_03_a/cs_bus_mux4.vhd" sub01/vhpl183 1457546021
AR cs_gand_srl_s6_rpm_set structural "//excelsior/uk$/kousley/Spring 2016/fpgas/Homework 5/FPGAs_Homework-master/FPGAs_Homework-master/Homework_5/Homework_5_campus/Homework_5_campus/ipcore_dir/tmp/_cg/_bbx/chipscope_lib_v1_03_a/cs_gand_srl_s6_rpm_set.vhd" sub01/vhpl106 1457545944
AR cs_gand_srl_k7_slice structural "//excelsior/uk$/kousley/Spring 2016/fpgas/Homework 5/FPGAs_Homework-master/FPGAs_Homework-master/Homework_5/Homework_5_campus/Homework_5_campus/ipcore_dir/tmp/_cg/_bbx/chipscope_lib_v1_03_a/cs_gand_srl_k7_slice.vhd" sub00/vhpl68 1457545906
EN cs_bram_simple_k7_ramb36 NULL "//excelsior/uk$/kousley/Spring 2016/fpgas/Homework 5/FPGAs_Homework-master/FPGAs_Homework-master/Homework_5/Homework_5_campus/Homework_5_campus/ipcore_dir/tmp/_cg/_bbx/chipscope_lib_v1_03_a/cs_bram_simple_k7_ramb36.vhd" sub01/vhpl127 1457545965
AR cs_gand_srl_a7 structural "//excelsior/uk$/kousley/Spring 2016/fpgas/Homework 5/FPGAs_Homework-master/FPGAs_Homework-master/Homework_5/Homework_5_campus/Homework_5_campus/ipcore_dir/tmp/_cg/_bbx/chipscope_lib_v1_03_a/cs_gand_srl_a7.vhd" sub01/vhpl150 1457545988
AR cs_jtag_tap rtl "//excelsior/uk$/kousley/Spring 2016/fpgas/Homework 5/FPGAs_Homework-master/FPGAs_Homework-master/Homework_5/Homework_5_campus/Homework_5_campus/ipcore_dir/tmp/_cg/_bbx/chipscope_lib_v1_03_a/cs_jtag_tap.vhd" sub00/vhpl35 1457545509
EN cs_bram_cascade_zq NULL "//excelsior/uk$/kousley/Spring 2016/fpgas/Homework 5/FPGAs_Homework-master/FPGAs_Homework-master/Homework_5/Homework_5_campus/Homework_5_campus/ipcore_dir/tmp/_cg/_bbx/chipscope_lib_v1_03_a/cs_bram_cascade_zq.vhd" sub02/vhpl222 1457546062
AR cs_bram_simple_v6 syn "//excelsior/uk$/kousley/Spring 2016/fpgas/Homework 5/FPGAs_Homework-master/FPGAs_Homework-master/Homework_5/Homework_5_campus/Homework_5_campus/ipcore_dir/tmp/_cg/_bbx/chipscope_lib_v1_03_a/cs_bram_simple_v6.vhd" sub01/vhpl176 1457546014
EN cs_gand_srl_a7_slice NULL "//excelsior/uk$/kousley/Spring 2016/fpgas/Homework 5/FPGAs_Homework-master/FPGAs_Homework-master/Homework_5/Homework_5_campus/Homework_5_campus/ipcore_dir/tmp/_cg/_bbx/chipscope_lib_v1_03_a/cs_gand_srl_a7_slice.vhd" sub00/vhpl55 1457545893
EN cs_bram_cascade NULL "//excelsior/uk$/kousley/Spring 2016/fpgas/Homework 5/FPGAs_Homework-master/FPGAs_Homework-master/Homework_5/Homework_5_campus/Homework_5_campus/ipcore_dir/tmp/_cg/_bbx/chipscope_lib_v1_03_a/cs_bram_cascade.vhd" sub02/vhpl240 1457546084
EN cs_gand_srl_zq_slice_rpm_unset NULL "//excelsior/uk$/kousley/Spring 2016/fpgas/Homework 5/FPGAs_Homework-master/FPGAs_Homework-master/Homework_5/Homework_5_campus/Homework_5_campus/ipcore_dir/tmp/_cg/_bbx/chipscope_lib_v1_03_a/cs_gand_srl_zq_slice_rpm_unset.vhd" sub00/vhpl61 1457545899
EN xsrlc16e NULL "//excelsior/uk$/kousley/Spring 2016/fpgas/Homework 5/FPGAs_Homework-master/FPGAs_Homework-master/Homework_5/Homework_5_campus/Homework_5_campus/ipcore_dir/tmp/_cg/_bbx/chipscope_lib_v1_03_a/xsrlc16e.vhd" sub00/vhpl46 1457545884
EN cs_bram_simple_s6 NULL "//excelsior/uk$/kousley/Spring 2016/fpgas/Homework 5/FPGAs_Homework-master/FPGAs_Homework-master/Homework_5/Homework_5_campus/Homework_5_campus/ipcore_dir/tmp/_cg/_bbx/chipscope_lib_v1_03_a/cs_bram_simple_s6.vhd" sub01/vhpl178 1457546016
AR cs_gandx_srl_zq structural "//excelsior/uk$/kousley/Spring 2016/fpgas/Homework 5/FPGAs_Homework-master/FPGAs_Homework-master/Homework_5/Homework_5_campus/Homework_5_campus/ipcore_dir/tmp/_cg/_bbx/chipscope_lib_v1_03_a/cs_gandx_srl_zq.vhd" sub02/vhpl203 1457546041
EN cs_gand_srl_k7 NULL "//excelsior/uk$/kousley/Spring 2016/fpgas/Homework 5/FPGAs_Homework-master/FPGAs_Homework-master/Homework_5/Homework_5_campus/Homework_5_campus/ipcore_dir/tmp/_cg/_bbx/chipscope_lib_v1_03_a/cs_gand_srl_k7.vhd" sub01/vhpl155 1457545993
PH cs_pro_package NULL "//excelsior/uk$/kousley/Spring 2016/fpgas/Homework 5/FPGAs_Homework-master/FPGAs_Homework-master/Homework_5/Homework_5_campus/Homework_5_campus/ipcore_dir/tmp/_cg/_bbx/chipscope_lib_v1_03_a/cs_pro_package.vhd" sub00/vhpl01 1457545854
AR cs_mux4096 syn "//excelsior/uk$/kousley/Spring 2016/fpgas/Homework 5/FPGAs_Homework-master/FPGAs_Homework-master/Homework_5/Homework_5_campus/Homework_5_campus/ipcore_dir/tmp/_cg/_bbx/chipscope_lib_v1_03_a/cs_mux4096.vhd" sub00/vhpl30 1457545879
AR cs_bram_cascade struct "//excelsior/uk$/kousley/Spring 2016/fpgas/Homework 5/FPGAs_Homework-master/FPGAs_Homework-master/Homework_5/Homework_5_campus/Homework_5_campus/ipcore_dir/tmp/_cg/_bbx/chipscope_lib_v1_03_a/cs_bram_cascade.vhd" sub02/vhpl241 1457546085
EN cs_mux256 NULL "//excelsior/uk$/kousley/Spring 2016/fpgas/Homework 5/FPGAs_Homework-master/FPGAs_Homework-master/Homework_5/Homework_5_campus/Homework_5_campus/ipcore_dir/tmp/_cg/_bbx/chipscope_lib_v1_03_a/cs_mux256.vhd" sub00/vhpl21 1457545870
EN cs_gand_srl_s6_rpm_set NULL "//excelsior/uk$/kousley/Spring 2016/fpgas/Homework 5/FPGAs_Homework-master/FPGAs_Homework-master/Homework_5/Homework_5_campus/Homework_5_campus/ipcore_dir/tmp/_cg/_bbx/chipscope_lib_v1_03_a/cs_gand_srl_s6_rpm_set.vhd" sub01/vhpl105 1457545943
AR programmable_delay virtex "//excelsior/uk$/kousley/Spring 2016/fpgas/Homework 5/FPGAs_Homework-master/FPGAs_Homework-master/Homework_5/Homework_5_campus/Homework_5_campus/ipcore_dir/tmp/_cg/_bbx/chipscope_lib_v1_03_a/programmable_delay.vhd" sub02/vhpl257 1457546101
AR cs_bram_simple_zq_ramb18 syn "//excelsior/uk$/kousley/Spring 2016/fpgas/Homework 5/FPGAs_Homework-master/FPGAs_Homework-master/Homework_5/Homework_5_campus/Homework_5_campus/ipcore_dir/tmp/_cg/_bbx/chipscope_lib_v1_03_a/cs_bram_simple_zq_ramb18.vhd" sub01/vhpl126 1457545964
AR cs_controlbus_xstworkaround syn "//excelsior/uk$/kousley/Spring 2016/fpgas/Homework 5/FPGAs_Homework-master/FPGAs_Homework-master/Homework_5/Homework_5_campus/Homework_5_campus/ipcore_dir/tmp/_cg/_bbx/chipscope_lib_v1_03_a/cs_controlbus_xstworkaround.vhd" sub02/vhpl227 1457546067
EN cs_bram_simple_v5 NULL "//excelsior/uk$/kousley/Spring 2016/fpgas/Homework 5/FPGAs_Homework-master/FPGAs_Homework-master/Homework_5/Homework_5_campus/Homework_5_campus/ipcore_dir/tmp/_cg/_bbx/chipscope_lib_v1_03_a/cs_bram_simple_v5.vhd" sub01/vhpl186 1457546024
EN cs_bram_simple_v6 NULL "//excelsior/uk$/kousley/Spring 2016/fpgas/Homework 5/FPGAs_Homework-master/FPGAs_Homework-master/Homework_5/Homework_5_campus/Homework_5_campus/ipcore_dir/tmp/_cg/_bbx/chipscope_lib_v1_03_a/cs_bram_simple_v6.vhd" sub01/vhpl175 1457546013
EN cs_gandx_srl NULL "//excelsior/uk$/kousley/Spring 2016/fpgas/Homework 5/FPGAs_Homework-master/FPGAs_Homework-master/Homework_5/Homework_5_campus/Homework_5_campus/ipcore_dir/tmp/_cg/_bbx/chipscope_lib_v1_03_a/cs_gandx_srl.vhd" sub02/vhpl248 1457546092
AR xsrl16e virtex "//excelsior/uk$/kousley/Spring 2016/fpgas/Homework 5/FPGAs_Homework-master/FPGAs_Homework-master/Homework_5/Homework_5_campus/Homework_5_campus/ipcore_dir/tmp/_cg/_bbx/chipscope_lib_v1_03_a/xsrl16e.vhd" sub02/vhpl237 1457546079
AR cs_cfglut6 virtex "//excelsior/uk$/kousley/Spring 2016/fpgas/Homework 5/FPGAs_Homework-master/FPGAs_Homework-master/Homework_5/Homework_5_campus/Homework_5_campus/ipcore_dir/tmp/_cg/_bbx/chipscope_lib_v1_03_a/cs_cfglut6.vhd" sub01/vhpl148 1457545986
EN cs_bram_simple_v7 NULL "//excelsior/uk$/kousley/Spring 2016/fpgas/Homework 5/FPGAs_Homework-master/FPGAs_Homework-master/Homework_5/Homework_5_campus/Homework_5_campus/ipcore_dir/tmp/_cg/_bbx/chipscope_lib_v1_03_a/cs_bram_simple_v7.vhd" sub01/vhpl173 1457546011
EN cs_bscan_tap NULL "//excelsior/uk$/kousley/Spring 2016/fpgas/Homework 5/FPGAs_Homework-master/FPGAs_Homework-master/Homework_5/Homework_5_campus/Homework_5_campus/ipcore_dir/tmp/_cg/_bbx/chipscope_lib_v1_03_a/cs_bscan_tap.vhd" sub00/vhpl40 1457545514
EN cs_bram_simple_v6_ramb18 NULL "//excelsior/uk$/kousley/Spring 2016/fpgas/Homework 5/FPGAs_Homework-master/FPGAs_Homework-master/Homework_5/Homework_5_campus/Homework_5_campus/ipcore_dir/tmp/_cg/_bbx/chipscope_lib_v1_03_a/cs_bram_simple_v6_ramb18.vhd" sub01/vhpl137 1457545975
AR cs_gand_srl_v7 structural "//excelsior/uk$/kousley/Spring 2016/fpgas/Homework 5/FPGAs_Homework-master/FPGAs_Homework-master/Homework_5/Homework_5_campus/Homework_5_campus/ipcore_dir/tmp/_cg/_bbx/chipscope_lib_v1_03_a/cs_gand_srl_v7.vhd" sub01/vhpl158 1457545996
EN cs_bram_simple_zq_ramb18 NULL "//excelsior/uk$/kousley/Spring 2016/fpgas/Homework 5/FPGAs_Homework-master/FPGAs_Homework-master/Homework_5/Homework_5_campus/Homework_5_campus/ipcore_dir/tmp/_cg/_bbx/chipscope_lib_v1_03_a/cs_bram_simple_zq_ramb18.vhd" sub01/vhpl125 1457545963
AR cs_gand_srl_zq_slice_rpm_unset structural "//excelsior/uk$/kousley/Spring 2016/fpgas/Homework 5/FPGAs_Homework-master/FPGAs_Homework-master/Homework_5/Homework_5_campus/Homework_5_campus/ipcore_dir/tmp/_cg/_bbx/chipscope_lib_v1_03_a/cs_gand_srl_zq_slice_rpm_unset.vhd" sub00/vhpl62 1457545900
AR cs_bram_simple_k7_ramb36 virtex "//excelsior/uk$/kousley/Spring 2016/fpgas/Homework 5/FPGAs_Homework-master/FPGAs_Homework-master/Homework_5/Homework_5_campus/Homework_5_campus/ipcore_dir/tmp/_cg/_bbx/chipscope_lib_v1_03_a/cs_bram_simple_k7_ramb36.vhd" sub01/vhpl128 1457545966
AR cs_mux1024 syn "//excelsior/uk$/kousley/Spring 2016/fpgas/Homework 5/FPGAs_Homework-master/FPGAs_Homework-master/Homework_5/Homework_5_campus/Homework_5_campus/ipcore_dir/tmp/_cg/_bbx/chipscope_lib_v1_03_a/cs_mux1024.vhd" sub00/vhpl26 1457545875
AR cs_bram_cascade_v7 syn "//excelsior/uk$/kousley/Spring 2016/fpgas/Homework 5/FPGAs_Homework-master/FPGAs_Homework-master/Homework_5/Homework_5_campus/Homework_5_campus/ipcore_dir/tmp/_cg/_bbx/chipscope_lib_v1_03_a/cs_bram_cascade_v7.vhd" sub02/vhpl219 1457546059
AR cs_gand_srl_zq_rpm_set structural "//excelsior/uk$/kousley/Spring 2016/fpgas/Homework 5/FPGAs_Homework-master/FPGAs_Homework-master/Homework_5/Homework_5_campus/Homework_5_campus/ipcore_dir/tmp/_cg/_bbx/chipscope_lib_v1_03_a/cs_gand_srl_zq_rpm_set.vhd" sub01/vhpl102 1457545940
EN cs_bram_simple_v6_ramb36 NULL "//excelsior/uk$/kousley/Spring 2016/fpgas/Homework 5/FPGAs_Homework-master/FPGAs_Homework-master/Homework_5/Homework_5_campus/Homework_5_campus/ipcore_dir/tmp/_cg/_bbx/chipscope_lib_v1_03_a/cs_bram_simple_v6_ramb36.vhd" sub01/vhpl135 1457545973
EN cs_bram_simple_zq_ramb36 NULL "//excelsior/uk$/kousley/Spring 2016/fpgas/Homework 5/FPGAs_Homework-master/FPGAs_Homework-master/Homework_5/Homework_5_campus/Homework_5_campus/ipcore_dir/tmp/_cg/_bbx/chipscope_lib_v1_03_a/cs_bram_simple_zq_ramb36.vhd" sub01/vhpl123 1457545961
PB cs_pro_package cs_pro_package "//excelsior/uk$/kousley/Spring 2016/fpgas/Homework 5/FPGAs_Homework-master/FPGAs_Homework-master/Homework_5/Homework_5_campus/Homework_5_campus/ipcore_dir/tmp/_cg/_bbx/chipscope_lib_v1_03_a/cs_pro_package.vhd" sub00/vhpl02 1457545855
AR cs_gand_srl_v7_rpm_set structural "//excelsior/uk$/kousley/Spring 2016/fpgas/Homework 5/FPGAs_Homework-master/FPGAs_Homework-master/Homework_5/Homework_5_campus/Homework_5_campus/ipcore_dir/tmp/_cg/_bbx/chipscope_lib_v1_03_a/cs_gand_srl_v7_rpm_set.vhd" sub01/vhpl114 1457545952
AR cs_mux8192 syn "//excelsior/uk$/kousley/Spring 2016/fpgas/Homework 5/FPGAs_Homework-master/FPGAs_Homework-master/Homework_5/Homework_5_campus/Homework_5_campus/ipcore_dir/tmp/_cg/_bbx/chipscope_lib_v1_03_a/cs_mux8192.vhd" sub00/vhpl32 1457545881
AR cs_gandx_srl_k7 structural "//excelsior/uk$/kousley/Spring 2016/fpgas/Homework 5/FPGAs_Homework-master/FPGAs_Homework-master/Homework_5/Homework_5_campus/Homework_5_campus/ipcore_dir/tmp/_cg/_bbx/chipscope_lib_v1_03_a/cs_gandx_srl_k7.vhd" sub01/vhpl199 1457546037
PH cs_bram_k7_pkg NULL "//excelsior/uk$/kousley/Spring 2016/fpgas/Homework 5/FPGAs_Homework-master/FPGAs_Homework-master/Homework_5/Homework_5_campus/Homework_5_campus/ipcore_dir/tmp/_cg/_bbx/chipscope_lib_v1_03_a/cs_bram_k7_pkg.vhd" sub00/vhpl83 1457545921
AR cs_gand_srl structural "//excelsior/uk$/kousley/Spring 2016/fpgas/Homework 5/FPGAs_Homework-master/FPGAs_Homework-master/Homework_5/Homework_5_campus/Homework_5_campus/ipcore_dir/tmp/_cg/_bbx/chipscope_lib_v1_03_a/cs_gand_srl.vhd" sub02/vhpl231 1457546073
EN cs_gand_srl_s6 NULL "//excelsior/uk$/kousley/Spring 2016/fpgas/Homework 5/FPGAs_Homework-master/FPGAs_Homework-master/Homework_5/Homework_5_campus/Homework_5_campus/ipcore_dir/tmp/_cg/_bbx/chipscope_lib_v1_03_a/cs_gand_srl_s6.vhd" sub01/vhpl153 1457545991
EN cs_gand_srl_k7_rpm_set NULL "//excelsior/uk$/kousley/Spring 2016/fpgas/Homework 5/FPGAs_Homework-master/FPGAs_Homework-master/Homework_5/Homework_5_campus/Homework_5_campus/ipcore_dir/tmp/_cg/_bbx/chipscope_lib_v1_03_a/cs_gand_srl_k7_rpm_set.vhd" sub01/vhpl109 1457545947
AR edge_detector virtex "//excelsior/uk$/kousley/Spring 2016/fpgas/Homework 5/FPGAs_Homework-master/FPGAs_Homework-master/Homework_5/Homework_5_campus/Homework_5_campus/ipcore_dir/tmp/_cg/_bbx/chipscope_lib_v1_03_a/edge_detector.vhd" sub02/vhpl247 1457546091
AR async_mux syn "//excelsior/uk$/kousley/Spring 2016/fpgas/Homework 5/FPGAs_Homework-master/FPGAs_Homework-master/Homework_5/Homework_5_campus/Homework_5_campus/ipcore_dir/tmp/_cg/_bbx/chipscope_lib_v1_03_a/async_mux.vhd" sub00/vhpl39 1457546083
AR cs_gand_srl_v7_slice_rpm_unset structural "//excelsior/uk$/kousley/Spring 2016/fpgas/Homework 5/FPGAs_Homework-master/FPGAs_Homework-master/Homework_5/Homework_5_campus/Homework_5_campus/ipcore_dir/tmp/_cg/_bbx/chipscope_lib_v1_03_a/cs_gand_srl_v7_slice_rpm_unset.vhd" sub00/vhpl74 1457545912
AR cs_gand_srl_k7_slice_rpm_unset structural "//excelsior/uk$/kousley/Spring 2016/fpgas/Homework 5/FPGAs_Homework-master/FPGAs_Homework-master/Homework_5/Homework_5_campus/Homework_5_campus/ipcore_dir/tmp/_cg/_bbx/chipscope_lib_v1_03_a/cs_gand_srl_k7_slice_rpm_unset.vhd" sub00/vhpl70 1457545908
AR cs_bram_simple_v5_ramb36 virtex "//excelsior/uk$/kousley/Spring 2016/fpgas/Homework 5/FPGAs_Homework-master/FPGAs_Homework-master/Homework_5/Homework_5_campus/Homework_5_campus/ipcore_dir/tmp/_cg/_bbx/chipscope_lib_v1_03_a/cs_bram_simple_v5_ramb36.vhd" sub01/vhpl144 1457545982
AR cs_bram_simple_k7_ramb18 syn "//excelsior/uk$/kousley/Spring 2016/fpgas/Homework 5/FPGAs_Homework-master/FPGAs_Homework-master/Homework_5/Homework_5_campus/Homework_5_campus/ipcore_dir/tmp/_cg/_bbx/chipscope_lib_v1_03_a/cs_bram_simple_k7_ramb18.vhd" sub01/vhpl130 1457545968
EN zpcounter NULL "//excelsior/uk$/kousley/Spring 2016/fpgas/Homework 5/FPGAs_Homework-master/FPGAs_Homework-master/Homework_5/Homework_5_campus/Homework_5_campus/ipcore_dir/tmp/_cg/_bbx/chipscope_lib_v1_03_a/zpcounter.vhd" sub02/vhpl238 1457546080
PB cs_bram_k7_pkg cs_bram_k7_pkg "//excelsior/uk$/kousley/Spring 2016/fpgas/Homework 5/FPGAs_Homework-master/FPGAs_Homework-master/Homework_5/Homework_5_campus/Homework_5_campus/ipcore_dir/tmp/_cg/_bbx/chipscope_lib_v1_03_a/cs_bram_k7_pkg.vhd" sub00/vhpl84 1457545922
EN cs_cfglut4 NULL "//excelsior/uk$/kousley/Spring 2016/fpgas/Homework 5/FPGAs_Homework-master/FPGAs_Homework-master/Homework_5/Homework_5_campus/Homework_5_campus/ipcore_dir/tmp/_cg/_bbx/chipscope_lib_v1_03_a/cs_cfglut4.vhd" sub00/vhpl53 1457545891
EN lcounter NULL "//excelsior/uk$/kousley/Spring 2016/fpgas/Homework 5/FPGAs_Homework-master/FPGAs_Homework-master/Homework_5/Homework_5_campus/Homework_5_campus/ipcore_dir/tmp/_cg/_bbx/chipscope_lib_v1_03_a/lcounter.vhd" sub02/vhpl232 1457546074
EN cs_gand_srl_v5 NULL "//excelsior/uk$/kousley/Spring 2016/fpgas/Homework 5/FPGAs_Homework-master/FPGAs_Homework-master/Homework_5/Homework_5_campus/Homework_5_campus/ipcore_dir/tmp/_cg/_bbx/chipscope_lib_v1_03_a/cs_gand_srl_v5.vhd" sub01/vhpl161 1457545999
EN cs_cfglut5 NULL "//excelsior/uk$/kousley/Spring 2016/fpgas/Homework 5/FPGAs_Homework-master/FPGAs_Homework-master/Homework_5/Homework_5_campus/Homework_5_campus/ipcore_dir/tmp/_cg/_bbx/chipscope_lib_v1_03_a/cs_cfglut5.vhd" sub00/vhpl93 1457545931
PB cs_bram_v7_pkg cs_bram_v7_pkg "//excelsior/uk$/kousley/Spring 2016/fpgas/Homework 5/FPGAs_Homework-master/FPGAs_Homework-master/Homework_5/Homework_5_campus/Homework_5_campus/ipcore_dir/tmp/_cg/_bbx/chipscope_lib_v1_03_a/cs_bram_v7_pkg.vhd" sub00/vhpl86 1457545924
EN cs_gand_srl_v6 NULL "//excelsior/uk$/kousley/Spring 2016/fpgas/Homework 5/FPGAs_Homework-master/FPGAs_Homework-master/Homework_5/Homework_5_campus/Homework_5_campus/ipcore_dir/tmp/_cg/_bbx/chipscope_lib_v1_03_a/cs_gand_srl_v6.vhd" sub01/vhpl159 1457545997
EN xsrl16e NULL "//excelsior/uk$/kousley/Spring 2016/fpgas/Homework 5/FPGAs_Homework-master/FPGAs_Homework-master/Homework_5/Homework_5_campus/Homework_5_campus/ipcore_dir/tmp/_cg/_bbx/chipscope_lib_v1_03_a/xsrl16e.vhd" sub02/vhpl236 1457546078
EN cs_cfglut6 NULL "//excelsior/uk$/kousley/Spring 2016/fpgas/Homework 5/FPGAs_Homework-master/FPGAs_Homework-master/Homework_5/Homework_5_campus/Homework_5_campus/ipcore_dir/tmp/_cg/_bbx/chipscope_lib_v1_03_a/cs_cfglut6.vhd" sub01/vhpl147 1457545985
EN cs_mux512 NULL "//excelsior/uk$/kousley/Spring 2016/fpgas/Homework 5/FPGAs_Homework-master/FPGAs_Homework-master/Homework_5/Homework_5_campus/Homework_5_campus/ipcore_dir/tmp/_cg/_bbx/chipscope_lib_v1_03_a/cs_mux512.vhd" sub00/vhpl23 1457545872
EN cs_gand_srl_v7 NULL "//excelsior/uk$/kousley/Spring 2016/fpgas/Homework 5/FPGAs_Homework-master/FPGAs_Homework-master/Homework_5/Homework_5_campus/Homework_5_campus/ipcore_dir/tmp/_cg/_bbx/chipscope_lib_v1_03_a/cs_gand_srl_v7.vhd" sub01/vhpl157 1457545995
EN cs_cfglut7 NULL "//excelsior/uk$/kousley/Spring 2016/fpgas/Homework 5/FPGAs_Homework-master/FPGAs_Homework-master/Homework_5/Homework_5_campus/Homework_5_campus/ipcore_dir/tmp/_cg/_bbx/chipscope_lib_v1_03_a/cs_cfglut7.vhd" sub01/vhpl190 1457546028
EN cs_cfglut8 NULL "//excelsior/uk$/kousley/Spring 2016/fpgas/Homework 5/FPGAs_Homework-master/FPGAs_Homework-master/Homework_5/Homework_5_campus/Homework_5_campus/ipcore_dir/tmp/_cg/_bbx/chipscope_lib_v1_03_a/cs_cfglut8.vhd" sub02/vhpl250 1457546094
EN cs_lut5 NULL "//excelsior/uk$/kousley/Spring 2016/fpgas/Homework 5/FPGAs_Homework-master/FPGAs_Homework-master/Homework_5/Homework_5_campus/Homework_5_campus/ipcore_dir/tmp/_cg/_bbx/chipscope_lib_v1_03_a/cs_lut5.vhd" sub01/vhpl163 1457546001
EN cs_lut6 NULL "//excelsior/uk$/kousley/Spring 2016/fpgas/Homework 5/FPGAs_Homework-master/FPGAs_Homework-master/Homework_5/Homework_5_campus/Homework_5_campus/ipcore_dir/tmp/_cg/_bbx/chipscope_lib_v1_03_a/cs_lut6.vhd" sub02/vhpl208 1457546048
EN cs_bram_simple_a7_ramb18 NULL "//excelsior/uk$/kousley/Spring 2016/fpgas/Homework 5/FPGAs_Homework-master/FPGAs_Homework-master/Homework_5/Homework_5_campus/Homework_5_campus/ipcore_dir/tmp/_cg/_bbx/chipscope_lib_v1_03_a/cs_bram_simple_a7_ramb18.vhd" sub01/vhpl121 1457545959
PH cs_gand_srl_pkg NULL "//excelsior/uk$/kousley/Spring 2016/fpgas/Homework 5/FPGAs_Homework-master/FPGAs_Homework-master/Homework_5/Homework_5_campus/Homework_5_campus/ipcore_dir/tmp/_cg/_bbx/chipscope_lib_v1_03_a/cs_gand_srl_pkg.vhd" sub00/vhpl48 1457545886
AR cs_gandx_srl structural "//excelsior/uk$/kousley/Spring 2016/fpgas/Homework 5/FPGAs_Homework-master/FPGAs_Homework-master/Homework_5/Homework_5_campus/Homework_5_campus/ipcore_dir/tmp/_cg/_bbx/chipscope_lib_v1_03_a/cs_gandx_srl.vhd" sub02/vhpl249 1457546093
PB cs_bram_v5_pkg cs_bram_v5_pkg "//excelsior/uk$/kousley/Spring 2016/fpgas/Homework 5/FPGAs_Homework-master/FPGAs_Homework-master/Homework_5/Homework_5_campus/Homework_5_campus/ipcore_dir/tmp/_cg/_bbx/chipscope_lib_v1_03_a/cs_bram_v5_pkg.vhd" sub00/vhpl92 1457545930
PH cs_jtag_pkg NULL "//excelsior/uk$/kousley/Spring 2016/fpgas/Homework 5/FPGAs_Homework-master/FPGAs_Homework-master/Homework_5/Homework_5_campus/Homework_5_campus/ipcore_dir/tmp/_cg/_bbx/chipscope_lib_v1_03_a/cs_jtag_pkg.vhd" sub00/vhpl00 1457545474
AR cs_gand_srl_v7_rpm_unset structural "//excelsior/uk$/kousley/Spring 2016/fpgas/Homework 5/FPGAs_Homework-master/FPGAs_Homework-master/Homework_5/Homework_5_campus/Homework_5_campus/ipcore_dir/tmp/_cg/_bbx/chipscope_lib_v1_03_a/cs_gand_srl_v7_rpm_unset.vhd" sub01/vhpl112 1457545950
AR cs_gand_srl_a7_slice structural "//excelsior/uk$/kousley/Spring 2016/fpgas/Homework 5/FPGAs_Homework-master/FPGAs_Homework-master/Homework_5/Homework_5_campus/Homework_5_campus/ipcore_dir/tmp/_cg/_bbx/chipscope_lib_v1_03_a/cs_gand_srl_a7_slice.vhd" sub00/vhpl56 1457545894
AR cs_bram_simple_v7_ramb36 virtex "//excelsior/uk$/kousley/Spring 2016/fpgas/Homework 5/FPGAs_Homework-master/FPGAs_Homework-master/Homework_5/Homework_5_campus/Homework_5_campus/ipcore_dir/tmp/_cg/_bbx/chipscope_lib_v1_03_a/cs_bram_simple_v7_ramb36.vhd" sub01/vhpl132 1457545970
EN cs_bram_simple_a7_ramb36 NULL "//excelsior/uk$/kousley/Spring 2016/fpgas/Homework 5/FPGAs_Homework-master/FPGAs_Homework-master/Homework_5/Homework_5_campus/Homework_5_campus/ipcore_dir/tmp/_cg/_bbx/chipscope_lib_v1_03_a/cs_bram_simple_a7_ramb36.vhd" sub01/vhpl119 1457545957
AR counter virtex "//excelsior/uk$/kousley/Spring 2016/fpgas/Homework 5/FPGAs_Homework-master/FPGAs_Homework-master/Homework_5/Homework_5_campus/Homework_5_campus/ipcore_dir/tmp/_cg/_bbx/chipscope_lib_v1_03_a/counter.vhd" sub00/vhpl45 1457546047
AR cs_gand_srl_s6_set structural "//excelsior/uk$/kousley/Spring 2016/fpgas/Homework 5/FPGAs_Homework-master/FPGAs_Homework-master/Homework_5/Homework_5_campus/Homework_5_campus/ipcore_dir/tmp/_cg/_bbx/chipscope_lib_v1_03_a/cs_gand_srl_s6_set.vhd" sub01/vhpl104 1457545942
EN cs_gand_srl_v5_slice NULL "//excelsior/uk$/kousley/Spring 2016/fpgas/Homework 5/FPGAs_Homework-master/FPGAs_Homework-master/Homework_5/Homework_5_campus/Homework_5_campus/ipcore_dir/tmp/_cg/_bbx/chipscope_lib_v1_03_a/cs_gand_srl_v5_slice.vhd" sub00/vhpl77 1457545915
AR async_transfer virtex "//excelsior/uk$/kousley/Spring 2016/fpgas/Homework 5/FPGAs_Homework-master/FPGAs_Homework-master/Homework_5/Homework_5_campus/Homework_5_campus/ipcore_dir/tmp/_cg/_bbx/chipscope_lib_v1_03_a/async_transfer.vhd" sub02/vhpl245 1457546089
PB cs_bram_pkg cs_bram_pkg "//excelsior/uk$/kousley/Spring 2016/fpgas/Homework 5/FPGAs_Homework-master/FPGAs_Homework-master/Homework_5/Homework_5_campus/Homework_5_campus/ipcore_dir/tmp/_cg/_bbx/chipscope_lib_v1_03_a/cs_bram_pkg.vhd" sub02/vhpl211 1457546051
EN cs_gand_srl_k7_slice_rpm_unset NULL "//excelsior/uk$/kousley/Spring 2016/fpgas/Homework 5/FPGAs_Homework-master/FPGAs_Homework-master/Homework_5/Homework_5_campus/Homework_5_campus/ipcore_dir/tmp/_cg/_bbx/chipscope_lib_v1_03_a/cs_gand_srl_k7_slice_rpm_unset.vhd" sub00/vhpl69 1457545907
AR cs_gand_srl_v6_rpm_set structural "//excelsior/uk$/kousley/Spring 2016/fpgas/Homework 5/FPGAs_Homework-master/FPGAs_Homework-master/Homework_5/Homework_5_campus/Homework_5_campus/ipcore_dir/tmp/_cg/_bbx/chipscope_lib_v1_03_a/cs_gand_srl_v6_rpm_set.vhd" sub01/vhpl116 1457545954
EN cs_bram_simple_v5_ramb16 NULL "//excelsior/uk$/kousley/Spring 2016/fpgas/Homework 5/FPGAs_Homework-master/FPGAs_Homework-master/Homework_5/Homework_5_campus/Homework_5_campus/ipcore_dir/tmp/_cg/_bbx/chipscope_lib_v1_03_a/cs_bram_simple_v5_ramb16.vhd" sub01/vhpl145 1457545983
EN cs_gand_srl_s6_slice_no_rpm NULL "//excelsior/uk$/kousley/Spring 2016/fpgas/Homework 5/FPGAs_Homework-master/FPGAs_Homework-master/Homework_5/Homework_5_campus/Homework_5_campus/ipcore_dir/tmp/_cg/_bbx/chipscope_lib_v1_03_a/cs_gand_srl_s6_slice_no_rpm.vhd" sub00/vhpl65 1457545903
AR cs_cfglut5 virtex "//excelsior/uk$/kousley/Spring 2016/fpgas/Homework 5/FPGAs_Homework-master/FPGAs_Homework-master/Homework_5/Homework_5_campus/Homework_5_campus/ipcore_dir/tmp/_cg/_bbx/chipscope_lib_v1_03_a/cs_cfglut5.vhd" sub00/vhpl94 1457545932
EN cs_counter_modk NULL "//excelsior/uk$/kousley/Spring 2016/fpgas/Homework 5/FPGAs_Homework-master/FPGAs_Homework-master/Homework_5/Homework_5_campus/Homework_5_campus/ipcore_dir/tmp/_cg/_bbx/chipscope_lib_v1_03_a/cs_counter_modk.vhd" sub02/vhpl242 1457546086
AR cs_bram_simple_k7 syn "//excelsior/uk$/kousley/Spring 2016/fpgas/Homework 5/FPGAs_Homework-master/FPGAs_Homework-master/Homework_5/Homework_5_campus/Homework_5_campus/ipcore_dir/tmp/_cg/_bbx/chipscope_lib_v1_03_a/cs_bram_simple_k7.vhd" sub01/vhpl172 1457546010
EN cs_gandx_srl_a7 NULL "//excelsior/uk$/kousley/Spring 2016/fpgas/Homework 5/FPGAs_Homework-master/FPGAs_Homework-master/Homework_5/Homework_5_campus/Homework_5_campus/ipcore_dir/tmp/_cg/_bbx/chipscope_lib_v1_03_a/cs_gandx_srl_a7.vhd" sub02/vhpl204 1457546042
EN fdpr NULL "//excelsior/uk$/kousley/Spring 2016/fpgas/Homework 5/FPGAs_Homework-master/FPGAs_Homework-master/Homework_5/Homework_5_campus/Homework_5_campus/ipcore_dir/tmp/_cg/_bbx/chipscope_lib_v1_03_a/fdpr.vhd" sub02/vhpl254 1457546098
EN edge_detector NULL "//excelsior/uk$/kousley/Spring 2016/fpgas/Homework 5/FPGAs_Homework-master/FPGAs_Homework-master/Homework_5/Homework_5_campus/Homework_5_campus/ipcore_dir/tmp/_cg/_bbx/chipscope_lib_v1_03_a/edge_detector.vhd" sub02/vhpl246 1457546090
EN cs_jtag_reg NULL "//excelsior/uk$/kousley/Spring 2016/fpgas/Homework 5/FPGAs_Homework-master/FPGAs_Homework-master/Homework_5/Homework_5_campus/Homework_5_campus/ipcore_dir/tmp/_cg/_bbx/chipscope_lib_v1_03_a/cs_jtag_reg.vhd" sub00/vhpl05 1457545479
AR cs_gandx_srl_v5 structural "//excelsior/uk$/kousley/Spring 2016/fpgas/Homework 5/FPGAs_Homework-master/FPGAs_Homework-master/Homework_5/Homework_5_campus/Homework_5_campus/ipcore_dir/tmp/_cg/_bbx/chipscope_lib_v1_03_a/cs_gandx_srl_v5.vhd" sub01/vhpl193 1457546031
AR cs_mux32 syn "//excelsior/uk$/kousley/Spring 2016/fpgas/Homework 5/FPGAs_Homework-master/FPGAs_Homework-master/Homework_5/Homework_5_campus/Homework_5_campus/ipcore_dir/tmp/_cg/_bbx/chipscope_lib_v1_03_a/cs_mux32.vhd" sub00/vhpl16 1457545865
AR cs_gand_srl_a7_rpm_set structural "//excelsior/uk$/kousley/Spring 2016/fpgas/Homework 5/FPGAs_Homework-master/FPGAs_Homework-master/Homework_5/Homework_5_campus/Homework_5_campus/ipcore_dir/tmp/_cg/_bbx/chipscope_lib_v1_03_a/cs_gand_srl_a7_rpm_set.vhd" sub00/vhpl98 1457545936
EN cs_bram_simple_v5_ramb36 NULL "//excelsior/uk$/kousley/Spring 2016/fpgas/Homework 5/FPGAs_Homework-master/FPGAs_Homework-master/Homework_5/Homework_5_campus/Homework_5_campus/ipcore_dir/tmp/_cg/_bbx/chipscope_lib_v1_03_a/cs_bram_simple_v5_ramb36.vhd" sub01/vhpl143 1457545981
AR cs_gand_srl_k7_rpm_unset structural "//excelsior/uk$/kousley/Spring 2016/fpgas/Homework 5/FPGAs_Homework-master/FPGAs_Homework-master/Homework_5/Homework_5_campus/Homework_5_campus/ipcore_dir/tmp/_cg/_bbx/chipscope_lib_v1_03_a/cs_gand_srl_k7_rpm_unset.vhd" sub01/vhpl108 1457545946
EN cs_gand_srl_a7_rpm_set NULL "//excelsior/uk$/kousley/Spring 2016/fpgas/Homework 5/FPGAs_Homework-master/FPGAs_Homework-master/Homework_5/Homework_5_campus/Homework_5_campus/ipcore_dir/tmp/_cg/_bbx/chipscope_lib_v1_03_a/cs_gand_srl_a7_rpm_set.vhd" sub00/vhpl97 1457545935
AR cs_mux8 syn "//excelsior/uk$/kousley/Spring 2016/fpgas/Homework 5/FPGAs_Homework-master/FPGAs_Homework-master/Homework_5/Homework_5_campus/Homework_5_campus/ipcore_dir/tmp/_cg/_bbx/chipscope_lib_v1_03_a/cs_mux8.vhd" sub00/vhpl12 1457545861
EN cs_gand_srl_a7_slice_rpm_unset NULL "//excelsior/uk$/kousley/Spring 2016/fpgas/Homework 5/FPGAs_Homework-master/FPGAs_Homework-master/Homework_5/Homework_5_campus/Homework_5_campus/ipcore_dir/tmp/_cg/_bbx/chipscope_lib_v1_03_a/cs_gand_srl_a7_slice_rpm_unset.vhd" sub00/vhpl57 1457545895
PB cs_bitvec_pkg cs_bitvec_pkg "//excelsior/uk$/kousley/Spring 2016/fpgas/Homework 5/FPGAs_Homework-master/FPGAs_Homework-master/Homework_5/Homework_5_campus/Homework_5_campus/ipcore_dir/tmp/_cg/_bbx/chipscope_lib_v1_03_a/cs_bitvec_pkg.vhd" sub02/vhpl207 1457546045
EN cs_bram_simple_zq NULL "//excelsior/uk$/kousley/Spring 2016/fpgas/Homework 5/FPGAs_Homework-master/FPGAs_Homework-master/Homework_5/Homework_5_campus/Homework_5_campus/ipcore_dir/tmp/_cg/_bbx/chipscope_lib_v1_03_a/cs_bram_simple_zq.vhd" sub01/vhpl169 1457546007
PH cs_bram_v5_pkg NULL "//excelsior/uk$/kousley/Spring 2016/fpgas/Homework 5/FPGAs_Homework-master/FPGAs_Homework-master/Homework_5/Homework_5_campus/Homework_5_campus/ipcore_dir/tmp/_cg/_bbx/chipscope_lib_v1_03_a/cs_bram_v5_pkg.vhd" sub00/vhpl91 1457545929
EN cs_bus_mux2 NULL "//excelsior/uk$/kousley/Spring 2016/fpgas/Homework 5/FPGAs_Homework-master/FPGAs_Homework-master/Homework_5/Homework_5_campus/Homework_5_campus/ipcore_dir/tmp/_cg/_bbx/chipscope_lib_v1_03_a/cs_bus_mux2.vhd" sub01/vhpl180 1457546018
EN cs_bus_mux4 NULL "//excelsior/uk$/kousley/Spring 2016/fpgas/Homework 5/FPGAs_Homework-master/FPGAs_Homework-master/Homework_5/Homework_5_campus/Homework_5_campus/ipcore_dir/tmp/_cg/_bbx/chipscope_lib_v1_03_a/cs_bus_mux4.vhd" sub01/vhpl182 1457546020
EN cs_bus_mux8 NULL "//excelsior/uk$/kousley/Spring 2016/fpgas/Homework 5/FPGAs_Homework-master/FPGAs_Homework-master/Homework_5/Homework_5_campus/Homework_5_campus/ipcore_dir/tmp/_cg/_bbx/chipscope_lib_v1_03_a/cs_bus_mux8.vhd" sub01/vhpl184 1457546022
PH cs_bus_pkg NULL "//excelsior/uk$/kousley/Spring 2016/fpgas/Homework 5/FPGAs_Homework-master/FPGAs_Homework-master/Homework_5/Homework_5_campus/Homework_5_campus/ipcore_dir/tmp/_cg/_bbx/chipscope_lib_v1_03_a/cs_bus_pkg.vhd" sub01/vhpl177 1457546015
